{"logTime": "0614/110009", "correlationVector":"+e+U1MzxJTdCNJLJUslLl1.3","action":"GetUpdates Response", "result":"Success", "context":Received 1 update(s). cV=+e+U1MzxJTdCNJLJUslLl1.0;server=akswtt00200000y;cloudType=Consumer;environment=Prod_germanywestcentral_prod-s01-010-eur-germanywestcentral;migrationStage=NotStarted}
{"logTime": "0614/110009", "correlationVector":"+mfDUUcMb0Ie7tvKtex7EH","action":"Initial GetUpdates", "result":"", "context":Reason: NEWLY_SUPPORTED_DATATYPE. cV=+mfDUUcMb0Ie7tvKtex7EH}
{"logTime": "0614/110022", "correlationVector":"+mfDUUcMb0Ie7tvKtex7EH.1","action":"SyncServerConnectionManagerRequest", "result":"SYNC_SERVER_OK", "context":{"environment":"Prod_germanywestcentral_prod-s01-011-eur-germanywestcentral", "migrationStage":"NotStarted", "server":"akswtt101000001"}}
{"logTime": "0614/110022", "correlationVector":"+mfDUUcMb0Ie7tvKtex7EH.2","action":"ProcessGetUpdates", "result":"Done", "context":{"dataType":"Preferences", "deleted":"0", "process_failed_to_decrypt":"0", "process_pending_decryption":"0", "process_success":"130", "total":"130"}}
{"logTime": "0614/110022", "correlationVector":"+mfDUUcMb0Ie7tvKtex7EH.3","action":"ProcessGetUpdates", "result":"Done", "context":{"dataType":"Passwords", "deleted":"7", "process_failed_to_decrypt":"0", "process_pending_decryption":"0", "process_success":"84", "total":"84"}}
{"logTime": "0614/110022", "correlationVector":"+mfDUUcMb0Ie7tvKtex7EH.4","action":"ProcessGetUpdates", "result":"Done", "context":{"dataType":"Device Info", "deleted":"0", "process_failed_to_decrypt":"0", "process_pending_decryption":"0", "process_success":"36", "total":"36"}}
{"logTime": "0614/110022", "correlationVector":"+mfDUUcMb0Ie7tvKtex7EH.5","action":"GetUpdates Response", "result":"Success", "context":Received 250 update(s). cV=+mfDUUcMb0Ie7tvKtex7EH.0;server=akswtt101000001;cloudType=Consumer;environment=Prod_germanywestcentral_prod-s01-011-eur-germanywestcentral;migrationStage=NotStarted Some updates remain.}
{"logTime": "0614/110022", "correlationVector":"gfZi45EyWjXJ+ISt3dgwbG","action":"Initial GetUpdates", "result":"", "context":Reason: NEWLY_SUPPORTED_DATATYPE. cV=gfZi45EyWjXJ+ISt3dgwbG}
{"logTime": "0614/110030", "correlationVector":"gfZi45EyWjXJ+ISt3dgwbG.1","action":"SyncServerConnectionManagerRequest", "result":"SYNC_SERVER_OK", "context":{"environment":"Prod_germanywestcentral_prod-s01-011-eur-germanywestcentral", "migrationStage":"NotStarted", "server":"akswtt10100002w"}}
{"logTime": "0614/110030", "correlationVector":"gfZi45EyWjXJ+ISt3dgwbG.2","action":"ProcessGetUpdates", "result":"Done", "context":{"dataType":"Passwords", "deleted":"0", "process_failed_to_decrypt":"0", "process_pending_decryption":"0", "process_success":"250", "total":"250"}}
{"logTime": "0614/110030", "correlationVector":"gfZi45EyWjXJ+ISt3dgwbG.3","action":"GetUpdates Response", "result":"Success", "context":Received 250 update(s). cV=gfZi45EyWjXJ+ISt3dgwbG.0;server=akswtt10100002w;cloudType=Consumer;environment=Prod_germanywestcentral_prod-s01-011-eur-germanywestcentral;migrationStage=NotStarted Some updates remain.}
{"logTime": "0614/110030", "correlationVector":"5iIcxKjYvWYOUTLGU+VVCz","action":"Initial GetUpdates", "result":"", "context":Reason: NEWLY_SUPPORTED_DATATYPE. cV=5iIcxKjYvWYOUTLGU+VVCz}
{"logTime": "0614/110031", "correlationVector":"5iIcxKjYvWYOUTLGU+VVCz.1","action":"SyncServerConnectionManagerRequest", "result":"SYNC_SERVER_OK", "context":{"environment":"Prod_germanywestcentral_prod-s01-011-eur-germanywestcentral", "migrationStage":"NotStarted", "server":"akswtt10100001j"}}
{"logTime": "0614/110031", "correlationVector":"5iIcxKjYvWYOUTLGU+VVCz.2","action":"ProcessGetUpdates", "result":"Done", "context":{"dataType":"Preferences", "deleted":"0", "process_failed_to_decrypt":"0", "process_pending_decryption":"0", "process_success":"1", "total":"1"}}
{"logTime": "0614/110031", "correlationVector":"5iIcxKjYvWYOUTLGU+VVCz.3","action":"ProcessGetUpdates", "result":"Done", "context":{"dataType":"Passwords", "deleted":"0", "process_failed_to_decrypt":"0", "process_pending_decryption":"0", "process_success":"27", "total":"27"}}
{"logTime": "0614/110031", "correlationVector":"5iIcxKjYvWYOUTLGU+VVCz.4","action":"GetUpdates Response", "result":"Success", "context":Received 28 update(s). cV=5iIcxKjYvWYOUTLGU+VVCz.0;server=akswtt10100001j;cloudType=Consumer;environment=Prod_germanywestcentral_prod-s01-011-eur-germanywestcentral;migrationStage=NotStarted}
{"logTime": "0614/110031", "correlationVector":"B+Fdh6p9OWOl8NJ1SE2WmB","action":"Initial GetUpdates", "result":"", "context":Reason: NEWLY_SUPPORTED_DATATYPE. cV=B+Fdh6p9OWOl8NJ1SE2WmB}
{"logTime": "0614/110032", "correlationVector":"B+Fdh6p9OWOl8NJ1SE2WmB.1","action":"SyncServerConnectionManagerRequest", "result":"SYNC_SERVER_OK", "context":{"environment":"Prod_germanywestcentral_prod-s01-011-eur-germanywestcentral", "migrationStage":"NotStarted", "server":"akswtt10100000l"}}
{"logTime": "0614/110032", "correlationVector":"B+Fdh6p9OWOl8NJ1SE2WmB.2","action":"ProcessGetUpdates", "result":"Done", "context":{"dataType":"Bookmarks", "deleted":"1", "process_failed_to_decrypt":"0", "process_pending_decryption":"0", "process_success":"95", "total":"95"}}
{"logTime": "0614/110032", "correlationVector":"B+Fdh6p9OWOl8NJ1SE2WmB.3","action":"GetUpdates Response", "result":"Success", "context":Received 95 update(s). cV=B+Fdh6p9OWOl8NJ1SE2WmB.0;server=akswtt10100000l;cloudType=Consumer;environment=Prod_germanywestcentral_prod-s01-011-eur-germanywestcentral;migrationStage=NotStarted}
{"logTime": "0614/110032", "correlationVector":"sb968ad6Grq2omS7UI9j5b","action":"Initial GetUpdates", "result":"", "context":Reason: NEWLY_SUPPORTED_DATATYPE. cV=sb968ad6Grq2omS7UI9j5b}
{"logTime": "0614/110034", "correlationVector":"sb968ad6Grq2omS7UI9j5b.1","action":"SyncServerConnectionManagerRequest", "result":"SYNC_SERVER_OK", "context":{"environment":"Prod_germanywestcentral_prod-s01-011-eur-germanywestcentral", "migrationStage":"NotStarted", "server":"akswtt101000039"}}
{"logTime": "0614/110034", "correlationVector":"sb968ad6Grq2omS7UI9j5b.2","action":"ProcessGetUpdates", "result":"Done", "context":{"dataType":"Autofill", "deleted":"0", "process_failed_to_decrypt":"0", "process_pending_decryption":"0", "process_success":"225", "total":"225"}}
{"logTime": "0614/110034", "correlationVector":"sb968ad6Grq2omS7UI9j5b.3","action":"ProcessGetUpdates", "result":"Done", "context":{"dataType":"Extensions", "deleted":"0", "process_failed_to_decrypt":"0", "process_pending_decryption":"0", "process_success":"5", "total":"5"}}
{"logTime": "0614/110034", "correlationVector":"sb968ad6Grq2omS7UI9j5b.4","action":"ProcessGetUpdates", "result":"Done", "context":{"dataType":"Extension settings", "deleted":"0", "process_failed_to_decrypt":"0", "process_pending_decryption":"0", "process_success":"20", "total":"20"}}
{"logTime": "0614/110034", "correlationVector":"sb968ad6Grq2omS7UI9j5b.5","action":"GetUpdates Response", "result":"Success", "context":Received 250 update(s). cV=sb968ad6Grq2omS7UI9j5b.0;server=akswtt101000039;cloudType=Consumer;environment=Prod_germanywestcentral_prod-s01-011-eur-germanywestcentral;migrationStage=NotStarted Some updates remain.}
{"logTime": "0614/110034", "correlationVector":"lQ2OKJhF9hfsm160dtPxAX","action":"Initial GetUpdates", "result":"", "context":Reason: NEWLY_SUPPORTED_DATATYPE. cV=lQ2OKJhF9hfsm160dtPxAX}
{"logTime": "0614/110035", "correlationVector":"lQ2OKJhF9hfsm160dtPxAX.1","action":"SyncServerConnectionManagerRequest", "result":"SYNC_SERVER_OK", "context":{"environment":"Prod_germanywestcentral_prod-s01-011-eur-germanywestcentral", "migrationStage":"NotStarted", "server":"akswtt101000039"}}
{"logTime": "0614/110035", "correlationVector":"lQ2OKJhF9hfsm160dtPxAX.2","action":"ProcessGetUpdates", "result":"Done", "context":{"dataType":"Autofill", "deleted":"0", "process_failed_to_decrypt":"0", "process_pending_decryption":"0", "process_success":"250", "total":"250"}}
{"logTime": "0614/110035", "correlationVector":"lQ2OKJhF9hfsm160dtPxAX.3","action":"GetUpdates Response", "result":"Success", "context":Received 250 update(s). cV=lQ2OKJhF9hfsm160dtPxAX.0;server=akswtt101000039;cloudType=Consumer;environment=Prod_germanywestcentral_prod-s01-011-eur-germanywestcentral;migrationStage=NotStarted Some updates remain.}
{"logTime": "0614/110035", "correlationVector":"n1mA3CxlcseJs/67aoUY3J","action":"Initial GetUpdates", "result":"", "context":Reason: NEWLY_SUPPORTED_DATATYPE. cV=n1mA3CxlcseJs/67aoUY3J}
{"logTime": "0614/110036", "correlationVector":"n1mA3CxlcseJs/67aoUY3J.1","action":"SyncServerConnectionManagerRequest", "result":"SYNC_SERVER_OK", "context":{"environment":"Prod_germanywestcentral_prod-s01-011-eur-germanywestcentral", "migrationStage":"NotStarted", "server":"akswtt101000039"}}
{"logTime": "0614/110036", "correlationVector":"n1mA3CxlcseJs/67aoUY3J.2","action":"ProcessGetUpdates", "result":"Done", "context":{"dataType":"Autofill Profiles", "deleted":"0", "process_failed_to_decrypt":"0", "process_pending_decryption":"0", "process_success":"18", "total":"18"}}
{"logTime": "0614/110036", "correlationVector":"n1mA3CxlcseJs/67aoUY3J.3","action":"ProcessGetUpdates", "result":"Done", "context":{"dataType":"Autofill", "deleted":"0", "process_failed_to_decrypt":"0", "process_pending_decryption":"0", "process_success":"111", "total":"111"}}
{"logTime": "0614/110036", "correlationVector":"n1mA3CxlcseJs/67aoUY3J.4","action":"ProcessGetUpdates", "result":"Done", "context":{"dataType":"Extensions", "deleted":"0", "process_failed_to_decrypt":"0", "process_pending_decryption":"0", "process_success":"3", "total":"3"}}
{"logTime": "0614/110036", "correlationVector":"n1mA3CxlcseJs/67aoUY3J.5","action":"ProcessGetUpdates", "result":"Done", "context":{"dataType":"Sessions", "deleted":"107", "process_failed_to_decrypt":"0", "process_pending_decryption":"0", "process_success":"107", "total":"107"}}
{"logTime": "0614/110036", "correlationVector":"n1mA3CxlcseJs/67aoUY3J.6","action":"ProcessGetUpdates", "result":"Done", "context":{"dataType":"Extension settings", "deleted":"0", "process_failed_to_decrypt":"0", "process_pending_decryption":"0", "process_success":"3", "total":"3"}}
{"logTime": "0614/110036", "correlationVector":"n1mA3CxlcseJs/67aoUY3J.7","action":"ProcessGetUpdates", "result":"Done", "context":{"dataType":"WebAuthn Credentials", "deleted":"0", "process_failed_to_decrypt":"0", "process_pending_decryption":"0", "process_success":"1", "total":"1"}}
{"logTime": "0614/110036", "correlationVector":"n1mA3CxlcseJs/67aoUY3J.8","action":"ProcessGetUpdates", "result":"Done", "context":{"dataType":"Edge Hub App Usage", "deleted":"1", "process_failed_to_decrypt":"0", "process_pending_decryption":"0", "process_success":"7", "total":"7"}}
{"logTime": "0614/110036", "correlationVector":"n1mA3CxlcseJs/67aoUY3J.9","action":"GetUpdates Response", "result":"Success", "context":Received 250 update(s). cV=n1mA3CxlcseJs/67aoUY3J.0;server=akswtt101000039;cloudType=Consumer;environment=Prod_germanywestcentral_prod-s01-011-eur-germanywestcentral;migrationStage=NotStarted Some updates remain.}
{"logTime": "0614/110036", "correlationVector":"aGLgmVHKd54tAfY0dseJK3","action":"Initial GetUpdates", "result":"", "context":Reason: NEWLY_SUPPORTED_DATATYPE. cV=aGLgmVHKd54tAfY0dseJK3}
{"logTime": "0614/110041", "correlationVector":"aGLgmVHKd54tAfY0dseJK3.1","action":"SyncServerConnectionManagerRequest", "result":"SYNC_SERVER_OK", "context":{"environment":"Prod_germanywestcentral_prod-s01-011-eur-germanywestcentral", "migrationStage":"NotStarted", "server":"akswtt10100000a"}}
{"logTime": "0614/110041", "correlationVector":"aGLgmVHKd54tAfY0dseJK3.2","action":"ProcessGetUpdates", "result":"Done", "context":{"dataType":"Autofill Profiles", "deleted":"0", "process_failed_to_decrypt":"0", "process_pending_decryption":"0", "process_success":"25", "total":"25"}}
{"logTime": "0614/110041", "correlationVector":"aGLgmVHKd54tAfY0dseJK3.3","action":"ProcessGetUpdates", "result":"Done", "context":{"dataType":"Autofill", "deleted":"0", "process_failed_to_decrypt":"0", "process_pending_decryption":"0", "process_success":"225", "total":"225"}}
{"logTime": "0614/110041", "correlationVector":"aGLgmVHKd54tAfY0dseJK3.4","action":"GetUpdates Response", "result":"Success", "context":Received 250 update(s). cV=aGLgmVHKd54tAfY0dseJK3.0;server=akswtt10100000a;cloudType=Consumer;environment=Prod_germanywestcentral_prod-s01-011-eur-germanywestcentral;migrationStage=NotStarted Some updates remain.}
{"logTime": "0614/110041", "correlationVector":"DXh9hm7BIVtKnqvulsW5D2","action":"Initial GetUpdates", "result":"", "context":Reason: NEWLY_SUPPORTED_DATATYPE. cV=DXh9hm7BIVtKnqvulsW5D2}
{"logTime": "0614/110042", "correlationVector":"DXh9hm7BIVtKnqvulsW5D2.1","action":"SyncServerConnectionManagerRequest", "result":"SYNC_SERVER_OK", "context":{"environment":"Prod_germanywestcentral_prod-s01-011-eur-germanywestcentral", "migrationStage":"NotStarted", "server":"akswtt10100003g"}}
{"logTime": "0614/110042", "correlationVector":"DXh9hm7BIVtKnqvulsW5D2.2","action":"ProcessGetUpdates", "result":"Done", "context":{"dataType":"Autofill", "deleted":"0", "process_failed_to_decrypt":"0", "process_pending_decryption":"0", "process_success":"250", "total":"250"}}
{"logTime": "0614/110042", "correlationVector":"DXh9hm7BIVtKnqvulsW5D2.3","action":"GetUpdates Response", "result":"Success", "context":Received 250 update(s). cV=DXh9hm7BIVtKnqvulsW5D2.0;server=akswtt10100003g;cloudType=Consumer;environment=Prod_germanywestcentral_prod-s01-011-eur-germanywestcentral;migrationStage=NotStarted Some updates remain.}
{"logTime": "0614/110042", "correlationVector":"swooDpv0Hnbi/zYzWahwRJ","action":"Initial GetUpdates", "result":"", "context":Reason: NEWLY_SUPPORTED_DATATYPE. cV=swooDpv0Hnbi/zYzWahwRJ}
{"logTime": "0614/110043", "correlationVector":"swooDpv0Hnbi/zYzWahwRJ.1","action":"SyncServerConnectionManagerRequest", "result":"SYNC_SERVER_OK", "context":{"environment":"Prod_germanywestcentral_prod-s01-011-eur-germanywestcentral", "migrationStage":"NotStarted", "server":"akswtt10100000a"}}
{"logTime": "0614/110043", "correlationVector":"swooDpv0Hnbi/zYzWahwRJ.2","action":"ProcessGetUpdates", "result":"Done", "context":{"dataType":"Autofill", "deleted":"0", "process_failed_to_decrypt":"0", "process_pending_decryption":"0", "process_success":"250", "total":"250"}}
{"logTime": "0614/110043", "correlationVector":"swooDpv0Hnbi/zYzWahwRJ.3","action":"GetUpdates Response", "result":"Success", "context":Received 250 update(s). cV=swooDpv0Hnbi/zYzWahwRJ.0;server=akswtt10100000a;cloudType=Consumer;environment=Prod_germanywestcentral_prod-s01-011-eur-germanywestcentral;migrationStage=NotStarted Some updates remain.}
{"logTime": "0614/110043", "correlationVector":"C/+V1t/n7bu7btwVrKWDBc","action":"Initial GetUpdates", "result":"", "context":Reason: NEWLY_SUPPORTED_DATATYPE. cV=C/+V1t/n7bu7btwVrKWDBc}
{"logTime": "0614/110047", "correlationVector":"C/+V1t/n7bu7btwVrKWDBc.1","action":"SyncServerConnectionManagerRequest", "result":"SYNC_SERVER_OK", "context":{"environment":"Prod_germanywestcentral_prod-s01-011-eur-germanywestcentral", "migrationStage":"NotStarted", "server":"akswtt10100000f"}}
{"logTime": "0614/110047", "correlationVector":"C/+V1t/n7bu7btwVrKWDBc.2","action":"ProcessGetUpdates", "result":"Done", "context":{"dataType":"Autofill", "deleted":"0", "process_failed_to_decrypt":"0", "process_pending_decryption":"0", "process_success":"250", "total":"250"}}
{"logTime": "0614/110047", "correlationVector":"C/+V1t/n7bu7btwVrKWDBc.3","action":"GetUpdates Response", "result":"Success", "context":Received 250 update(s). cV=C/+V1t/n7bu7btwVrKWDBc.0;server=akswtt10100000f;cloudType=Consumer;environment=Prod_germanywestcentral_prod-s01-011-eur-germanywestcentral;migrationStage=NotStarted Some updates remain.}
{"logTime": "0614/110047", "correlationVector":"dx3zLLWVf0m/T3JDdrIhl+","action":"Initial GetUpdates", "result":"", "context":Reason: NEWLY_SUPPORTED_DATATYPE. cV=dx3zLLWVf0m/T3JDdrIhl+}
{"logTime": "0614/110049", "correlationVector":"dx3zLLWVf0m/T3JDdrIhl+.1","action":"SyncServerConnectionManagerRequest", "result":"SYNC_SERVER_OK", "context":{"environment":"Prod_germanywestcentral_prod-s01-011-eur-germanywestcentral", "migrationStage":"NotStarted", "server":"akswtt10100003h"}}
{"logTime": "0614/110049", "correlationVector":"dx3zLLWVf0m/T3JDdrIhl+.2","action":"ProcessGetUpdates", "result":"Done", "context":{"dataType":"Autofill", "deleted":"0", "process_failed_to_decrypt":"0", "process_pending_decryption":"0", "process_success":"250", "total":"250"}}
{"logTime": "0614/110049", "correlationVector":"dx3zLLWVf0m/T3JDdrIhl+.3","action":"GetUpdates Response", "result":"Success", "context":Received 250 update(s). cV=dx3zLLWVf0m/T3JDdrIhl+.0;server=akswtt10100003h;cloudType=Consumer;environment=Prod_germanywestcentral_prod-s01-011-eur-germanywestcentral;migrationStage=NotStarted Some updates remain.}
{"logTime": "0614/110049", "correlationVector":"Cv4s8QexFT9KNpzYhPe35S","action":"Initial GetUpdates", "result":"", "context":Reason: NEWLY_SUPPORTED_DATATYPE. cV=Cv4s8QexFT9KNpzYhPe35S}
{"logTime": "0614/110051", "correlationVector":"Cv4s8QexFT9KNpzYhPe35S.1","action":"SyncServerConnectionManagerRequest", "result":"SYNC_SERVER_OK", "context":{"environment":"Prod_germanywestcentral_prod-s01-011-eur-germanywestcentral", "migrationStage":"NotStarted", "server":"akswtt10100000l"}}
{"logTime": "0614/110051", "correlationVector":"Cv4s8QexFT9KNpzYhPe35S.2","action":"ProcessGetUpdates", "result":"Done", "context":{"dataType":"Autofill", "deleted":"0", "process_failed_to_decrypt":"0", "process_pending_decryption":"0", "process_success":"250", "total":"250"}}
{"logTime": "0614/110051", "correlationVector":"Cv4s8QexFT9KNpzYhPe35S.3","action":"GetUpdates Response", "result":"Success", "context":Received 250 update(s). cV=Cv4s8QexFT9KNpzYhPe35S.0;server=akswtt10100000l;cloudType=Consumer;environment=Prod_germanywestcentral_prod-s01-011-eur-germanywestcentral;migrationStage=NotStarted Some updates remain.}
{"logTime": "0614/110051", "correlationVector":"2gNucgwpt/3Pc8ZHtyzV2I","action":"Initial GetUpdates", "result":"", "context":Reason: NEWLY_SUPPORTED_DATATYPE. cV=2gNucgwpt/3Pc8ZHtyzV2I}
{"logTime": "0614/110052", "correlationVector":"2gNucgwpt/3Pc8ZHtyzV2I.1","action":"SyncServerConnectionManagerRequest", "result":"SYNC_SERVER_OK", "context":{"environment":"Prod_germanywestcentral_prod-s01-011-eur-germanywestcentral", "migrationStage":"NotStarted", "server":"akswtt10100000l"}}
{"logTime": "0614/110052", "correlationVector":"2gNucgwpt/3Pc8ZHtyzV2I.2","action":"ProcessGetUpdates", "result":"Done", "context":{"dataType":"Autofill", "deleted":"0", "process_failed_to_decrypt":"0", "process_pending_decryption":"0", "process_success":"250", "total":"250"}}
{"logTime": "0614/110052", "correlationVector":"2gNucgwpt/3Pc8ZHtyzV2I.3","action":"GetUpdates Response", "result":"Success", "context":Received 250 update(s). cV=2gNucgwpt/3Pc8ZHtyzV2I.0;server=akswtt10100000l;cloudType=Consumer;environment=Prod_germanywestcentral_prod-s01-011-eur-germanywestcentral;migrationStage=NotStarted Some updates remain.}
{"logTime": "0614/110052", "correlationVector":"tpfd3PzSpC9Mzdnc75OXRs","action":"Initial GetUpdates", "result":"", "context":Reason: NEWLY_SUPPORTED_DATATYPE. cV=tpfd3PzSpC9Mzdnc75OXRs}
{"logTime": "0614/110053", "correlationVector":"tpfd3PzSpC9Mzdnc75OXRs.1","action":"SyncServerConnectionManagerRequest", "result":"SYNC_SERVER_OK", "context":{"environment":"Prod_germanywestcentral_prod-s01-011-eur-germanywestcentral", "migrationStage":"NotStarted", "server":"akswtt10100001j"}}
{"logTime": "0614/110053", "correlationVector":"tpfd3PzSpC9Mzdnc75OXRs.2","action":"ProcessGetUpdates", "result":"Done", "context":{"dataType":"Autofill", "deleted":"0", "process_failed_to_decrypt":"0", "process_pending_decryption":"0", "process_success":"250", "total":"250"}}
{"logTime": "0614/110053", "correlationVector":"tpfd3PzSpC9Mzdnc75OXRs.3","action":"GetUpdates Response", "result":"Success", "context":Received 250 update(s). cV=tpfd3PzSpC9Mzdnc75OXRs.0;server=akswtt10100001j;cloudType=Consumer;environment=Prod_germanywestcentral_prod-s01-011-eur-germanywestcentral;migrationStage=NotStarted Some updates remain.}
{"logTime": "0614/110053", "correlationVector":"ZTmken/gQ/8mS6h4zKJM48","action":"Initial GetUpdates", "result":"", "context":Reason: NEWLY_SUPPORTED_DATATYPE. cV=ZTmken/gQ/8mS6h4zKJM48}
{"logTime": "0614/110054", "correlationVector":"ZTmken/gQ/8mS6h4zKJM48.1","action":"SyncServerConnectionManagerRequest", "result":"SYNC_SERVER_OK", "context":{"environment":"Prod_germanywestcentral_prod-s01-011-eur-germanywestcentral", "migrationStage":"NotStarted", "server":"akswtt10100000a"}}
{"logTime": "0614/110054", "correlationVector":"ZTmken/gQ/8mS6h4zKJM48.2","action":"ProcessGetUpdates", "result":"Done", "context":{"dataType":"Autofill", "deleted":"0", "process_failed_to_decrypt":"0", "process_pending_decryption":"0", "process_success":"250", "total":"250"}}
{"logTime": "0614/110054", "correlationVector":"ZTmken/gQ/8mS6h4zKJM48.3","action":"GetUpdates Response", "result":"Success", "context":Received 250 update(s). cV=ZTmken/gQ/8mS6h4zKJM48.0;server=akswtt10100000a;cloudType=Consumer;environment=Prod_germanywestcentral_prod-s01-011-eur-germanywestcentral;migrationStage=NotStarted Some updates remain.}
{"logTime": "0614/110054", "correlationVector":"1xtF3V3U2QMvZqYqpKj85F","action":"Initial GetUpdates", "result":"", "context":Reason: NEWLY_SUPPORTED_DATATYPE. cV=1xtF3V3U2QMvZqYqpKj85F}
{"logTime": "0614/110055", "correlationVector":"1xtF3V3U2QMvZqYqpKj85F.1","action":"SyncServerConnectionManagerRequest", "result":"SYNC_SERVER_OK", "context":{"environment":"Prod_germanywestcentral_prod-s01-011-eur-germanywestcentral", "migrationStage":"NotStarted", "server":"akswtt10100000l"}}
{"logTime": "0614/110055", "correlationVector":"1xtF3V3U2QMvZqYqpKj85F.2","action":"ProcessGetUpdates", "result":"Done", "context":{"dataType":"Autofill", "deleted":"0", "process_failed_to_decrypt":"0", "process_pending_decryption":"0", "process_success":"250", "total":"250"}}
{"logTime": "0614/110055", "correlationVector":"1xtF3V3U2QMvZqYqpKj85F.3","action":"GetUpdates Response", "result":"Success", "context":Received 250 update(s). cV=1xtF3V3U2QMvZqYqpKj85F.0;server=akswtt10100000l;cloudType=Consumer;environment=Prod_germanywestcentral_prod-s01-011-eur-germanywestcentral;migrationStage=NotStarted Some updates remain.}
{"logTime": "0614/110055", "correlationVector":"QBHO10LrHNHvQkCKl1JjX0","action":"Initial GetUpdates", "result":"", "context":Reason: NEWLY_SUPPORTED_DATATYPE. cV=QBHO10LrHNHvQkCKl1JjX0}
{"logTime": "0614/110056", "correlationVector":"QBHO10LrHNHvQkCKl1JjX0.1","action":"SyncServerConnectionManagerRequest", "result":"SYNC_SERVER_OK", "context":{"environment":"Prod_germanywestcentral_prod-s01-011-eur-germanywestcentral", "migrationStage":"NotStarted", "server":"akswtt101000001"}}
{"logTime": "0614/110056", "correlationVector":"QBHO10LrHNHvQkCKl1JjX0.2","action":"ProcessGetUpdates", "result":"Done", "context":{"dataType":"Autofill", "deleted":"0", "process_failed_to_decrypt":"0", "process_pending_decryption":"0", "process_success":"245", "total":"245"}}
{"logTime": "0614/110056", "correlationVector":"QBHO10LrHNHvQkCKl1JjX0.3","action":"ProcessGetUpdates", "result":"Done", "context":{"dataType":"Sessions", "deleted":"5", "process_failed_to_decrypt":"0", "process_pending_decryption":"0", "process_success":"5", "total":"5"}}
{"logTime": "0614/110056", "correlationVector":"QBHO10LrHNHvQkCKl1JjX0.4","action":"GetUpdates Response", "result":"Success", "context":Received 250 update(s). cV=QBHO10LrHNHvQkCKl1JjX0.0;server=akswtt101000001;cloudType=Consumer;environment=Prod_germanywestcentral_prod-s01-011-eur-germanywestcentral;migrationStage=NotStarted Some updates remain.}
{"logTime": "0614/110056", "correlationVector":"LLELzHga3Jv+U3HscioZB7","action":"Initial GetUpdates", "result":"", "context":Reason: NEWLY_SUPPORTED_DATATYPE. cV=LLELzHga3Jv+U3HscioZB7}
{"logTime": "0614/110057", "correlationVector":"LLELzHga3Jv+U3HscioZB7.1","action":"SyncServerConnectionManagerRequest", "result":"SYNC_SERVER_OK", "context":{"environment":"Prod_germanywestcentral_prod-s01-011-eur-germanywestcentral", "migrationStage":"NotStarted", "server":"akswtt101000039"}}
{"logTime": "0614/110057", "correlationVector":"LLELzHga3Jv+U3HscioZB7.2","action":"ProcessGetUpdates", "result":"Done", "context":{"dataType":"Autofill Profiles", "deleted":"0", "process_failed_to_decrypt":"0", "process_pending_decryption":"0", "process_success":"2", "total":"2"}}
{"logTime": "0614/110057", "correlationVector":"LLELzHga3Jv+U3HscioZB7.3","action":"ProcessGetUpdates", "result":"Done", "context":{"dataType":"Autofill", "deleted":"0", "process_failed_to_decrypt":"0", "process_pending_decryption":"0", "process_success":"16", "total":"16"}}
{"logTime": "0614/110057", "correlationVector":"LLELzHga3Jv+U3HscioZB7.4","action":"ProcessGetUpdates", "result":"Done", "context":{"dataType":"Extensions", "deleted":"0", "process_failed_to_decrypt":"0", "process_pending_decryption":"0", "process_success":"4", "total":"4"}}
{"logTime": "0614/110057", "correlationVector":"LLELzHga3Jv+U3HscioZB7.5","action":"ProcessGetUpdates", "result":"Done", "context":{"dataType":"Sessions", "deleted":"76", "process_failed_to_decrypt":"0", "process_pending_decryption":"0", "process_success":"86", "total":"86"}}
{"logTime": "0614/110057", "correlationVector":"LLELzHga3Jv+U3HscioZB7.6","action":"ProcessGetUpdates", "result":"Done", "context":{"dataType":"Extension settings", "deleted":"0", "process_failed_to_decrypt":"0", "process_pending_decryption":"0", "process_success":"5", "total":"5"}}
{"logTime": "0614/110057", "correlationVector":"LLELzHga3Jv+U3HscioZB7.7","action":"ProcessGetUpdates", "result":"Done", "context":{"dataType":"Edge Hub App Usage", "deleted":"6", "process_failed_to_decrypt":"0", "process_pending_decryption":"0", "process_success":"8", "total":"8"}}
{"logTime": "0614/110057", "correlationVector":"LLELzHga3Jv+U3HscioZB7.8","action":"GetUpdates Response", "result":"Success", "context":Received 121 update(s). cV=LLELzHga3Jv+U3HscioZB7.0;server=akswtt101000039;cloudType=Consumer;environment=Prod_germanywestcentral_prod-s01-011-eur-germanywestcentral;migrationStage=NotStarted}
{"logTime": "0614/110057", "correlationVector":"BZeCQ5GM5WrkQrT7CNIcSm","action":"Initial GetUpdates", "result":"", "context":Reason: NEWLY_SUPPORTED_DATATYPE. cV=BZeCQ5GM5WrkQrT7CNIcSm}
{"logTime": "0614/110058", "correlationVector":"BZeCQ5GM5WrkQrT7CNIcSm.1","action":"SyncServerConnectionManagerRequest", "result":"SYNC_SERVER_OK", "context":{"environment":"Prod_germanywestcentral_prod-s01-011-eur-germanywestcentral", "migrationStage":"NotStarted", "server":"akswtt10100001j"}}
{"logTime": "0614/110058", "correlationVector":"BZeCQ5GM5WrkQrT7CNIcSm.2","action":"ProcessGetUpdates", "result":"Done", "context":{"dataType":"History", "deleted":"0", "process_failed_to_decrypt":"0", "process_pending_decryption":"0", "process_success":"250", "total":"250"}}
{"logTime": "0614/110058", "correlationVector":"BZeCQ5GM5WrkQrT7CNIcSm.3","action":"GetUpdates Response", "result":"Success", "context":Received 250 update(s). cV=BZeCQ5GM5WrkQrT7CNIcSm.0;server=akswtt10100001j;cloudType=Consumer;environment=Prod_germanywestcentral_prod-s01-011-eur-germanywestcentral;migrationStage=NotStarted Some updates remain.}
{"logTime": "0614/110058", "correlationVector":"Y0KiWYu5AfJZ/Rv712gp3G","action":"Initial GetUpdates", "result":"", "context":Reason: NEWLY_SUPPORTED_DATATYPE. cV=Y0KiWYu5AfJZ/Rv712gp3G}
{"logTime": "0614/110059", "correlationVector":"Y0KiWYu5AfJZ/Rv712gp3G.1","action":"SyncServerConnectionManagerRequest", "result":"SYNC_SERVER_OK", "context":{"environment":"Prod_germanywestcentral_prod-s01-011-eur-germanywestcentral", "migrationStage":"NotStarted", "server":"akswtt10100003g"}}
{"logTime": "0614/110059", "correlationVector":"Y0KiWYu5AfJZ/Rv712gp3G.2","action":"ProcessGetUpdates", "result":"Done", "context":{"dataType":"History", "deleted":"0", "process_failed_to_decrypt":"0", "process_pending_decryption":"0", "process_success":"250", "total":"250"}}
{"logTime": "0614/110059", "correlationVector":"Y0KiWYu5AfJZ/Rv712gp3G.3","action":"GetUpdates Response", "result":"Success", "context":Received 250 update(s). cV=Y0KiWYu5AfJZ/Rv712gp3G.0;server=akswtt10100003g;cloudType=Consumer;environment=Prod_germanywestcentral_prod-s01-011-eur-germanywestcentral;migrationStage=NotStarted Some updates remain.}
{"logTime": "0614/110059", "correlationVector":"6RcfKbYHjwWKRZiwpT291w","action":"Initial GetUpdates", "result":"", "context":Reason: NEWLY_SUPPORTED_DATATYPE. cV=6RcfKbYHjwWKRZiwpT291w}
{"logTime": "0614/110059", "correlationVector":"6RcfKbYHjwWKRZiwpT291w.1","action":"SyncServerConnectionManagerRequest", "result":"SYNC_SERVER_OK", "context":{"environment":"Prod_germanywestcentral_prod-s01-011-eur-germanywestcentral", "migrationStage":"NotStarted", "server":"akswtt10100000l"}}
{"logTime": "0614/110059", "correlationVector":"6RcfKbYHjwWKRZiwpT291w.2","action":"ProcessGetUpdates", "result":"Done", "context":{"dataType":"History", "deleted":"0", "process_failed_to_decrypt":"0", "process_pending_decryption":"0", "process_success":"138", "total":"138"}}
{"logTime": "0614/110059", "correlationVector":"6RcfKbYHjwWKRZiwpT291w.3","action":"GetUpdates Response", "result":"Success", "context":Received 138 update(s). cV=6RcfKbYHjwWKRZiwpT291w.0;server=akswtt10100000l;cloudType=Consumer;environment=Prod_germanywestcentral_prod-s01-011-eur-germanywestcentral;migrationStage=NotStarted}
{"logTime": "0614/110059", "correlationVector":"YFPtprd2NqMTnK6tSM5wLD","action":"Normal GetUpdate request", "result":"", "context":cV=YFPtprd2NqMTnK6tSM5wLD
Nudged types: Sessions, Device Info
Refresh requested types: Bookmarks, Preferences, Passwords, Autofill Profiles, Autofill, Extensions, Sessions, Extension settings, History Delete Directives, Device Info, User Consents, Send Tab To Self, Web Apps, History, Saved Tab Group, WebAuthn Credentials, Edge E Drop, Edge Hub App Usage, Edge Wallet, Edge Workspace, Encryption Keys}
{"logTime": "0614/110100", "correlationVector":"YFPtprd2NqMTnK6tSM5wLD.1","action":"SyncServerConnectionManagerRequest", "result":"SYNC_SERVER_OK", "context":{"environment":"Prod_germanywestcentral_prod-s01-011-eur-germanywestcentral", "migrationStage":"NotStarted", "server":"akswtt10100002w"}}
{"logTime": "0614/110100", "correlationVector":"YFPtprd2NqMTnK6tSM5wLD.2","action":"GetUpdates Response", "result":"Success", "context":Received 0 update(s). cV=YFPtprd2NqMTnK6tSM5wLD.0;server=akswtt10100002w;cloudType=Consumer;environment=Prod_germanywestcentral_prod-s01-011-eur-germanywestcentral;migrationStage=NotStarted}
{"logTime": "0614/110100", "correlationVector":"TzxWCyt5J7IkobiGAA0US0","action":"Commit Request", "result":"", "context":Item count: 3
Contributing types: Sessions, Device Info}
{"logTime": "0614/110101", "correlationVector":"TzxWCyt5J7IkobiGAA0US0.1","action":"SyncServerConnectionManagerRequest", "result":"SYNC_SERVER_OK", "context":{"environment":"Prod_germanywestcentral_prod-s01-011-eur-germanywestcentral", "migrationStage":"NotStarted", "server":"akswtt10100001j"}}
{"logTime": "0614/110101", "correlationVector":"TzxWCyt5J7IkobiGAA0US0.2","action":"Commit Response", "result":"Success", "context":Result: Success. cV=TzxWCyt5J7IkobiGAA0US0.0;server=akswtt10100001j;cloudType=Consumer;environment=Prod_germanywestcentral_prod-s01-011-eur-germanywestcentral;migrationStage=NotStarted}
{"logTime": "0614/110212", "correlationVector":"A/oRzjmyvElU622C0rCR/p","action":"Commit Request", "result":"", "context":Item count: 1
Contributing types: Sessions}
{"logTime": "0614/110256", "correlationVector":"A/oRzjmyvElU622C0rCR/p.1","action":"SyncServerConnectionManagerRequest", "result":"SYNC_SERVER_OK", "context":{"environment":"Prod_germanywestcentral_prod-s01-011-eur-germanywestcentral", "migrationStage":"NotStarted", "server":"akswtt10100000r"}}
{"logTime": "0614/110256", "correlationVector":"A/oRzjmyvElU622C0rCR/p.2","action":"Commit Response", "result":"Success", "context":Result: Success. cV=A/oRzjmyvElU622C0rCR/p.0;server=akswtt10100000r;cloudType=Consumer;environment=Prod_germanywestcentral_prod-s01-011-eur-germanywestcentral;migrationStage=NotStarted}
{"logTime": "0614/110319", "correlationVector":"XQYgfR8vQLUxYRMI8qcbDm","action":"Commit Request", "result":"", "context":Item count: 40
Contributing types: Passwords}
{"logTime": "0614/110325", "correlationVector":"XQYgfR8vQLUxYRMI8qcbDm","action":"SyncServerConnectionManagerRequest", "result":"CONNECTION_UNAVAILABLE", "context":{"error_type":"net_error_code", "error_value":"-3"}}
{"logTime": "0614/110406", "correlationVector":"BowM0QnmLSv5O13/Opi6/m.1","action":"SyncServerConnectionManagerRequest", "result":"SYNC_SERVER_OK", "context":{"environment":"Prod_germanywestcentral_prod-s01-011-eur-germanywestcentral", "migrationStage":"NotStarted", "server":"akswtt10100003g"}}
{"logTime": "0614/110406", "correlationVector":"BowM0QnmLSv5O13/Opi6/m.2","action":"ProcessGetUpdates", "result":"Done", "context":{"dataType":"Encryption Keys", "deleted":"0", "process_failed_to_decrypt":"0", "process_pending_decryption":"0", "process_success":"1", "total":"1"}}
{"logTime": "0614/110414", "correlationVector":"CwklvYq4Gp5vx2t+5xS4Yf","action":"SyncServerConnectionManagerRequest", "result":"SYNC_SERVER_ERROR", "context":{"environment":"", "error_type":"http_status_code", "error_value":"400", "migrationStage":"", "server":""}}
{"logTime": "0614/110414", "correlationVector":"BowM0QnmLSv5O13/Opi6/m","action":"Initial GetUpdates", "result":"", "context":Reason: NEW_CLIENT. cV=BowM0QnmLSv5O13/Opi6/m}
{"logTime": "0614/110414", "correlationVector":"BowM0QnmLSv5O13/Opi6/m.3","action":"GetUpdates Response", "result":"Success", "context":Received 1 update(s). cV=BowM0QnmLSv5O13/Opi6/m.0;server=akswtt10100003g;cloudType=Consumer;environment=Prod_germanywestcentral_prod-s01-011-eur-germanywestcentral;migrationStage=NotStarted}
{"logTime": "0614/110414", "correlationVector":"FSJJQ6azhST3tLbq90/GwZ","action":"Normal GetUpdate request", "result":"", "context":cV=FSJJQ6azhST3tLbq90/GwZ
Nudged types: Preferences, Sessions, History
Refresh requested types: Bookmarks, Preferences, Extensions, Sessions, Extension settings, History Delete Directives, Device Info, User Consents, Send Tab To Self, Web Apps, History, Saved Tab Group, WebAuthn Credentials, Edge E Drop, Edge Hub App Usage, Edge Wallet, Edge Workspace, Encryption Keys}
{"logTime": "0614/110420", "correlationVector":"FSJJQ6azhST3tLbq90/GwZ.1","action":"SyncServerConnectionManagerRequest", "result":"SYNC_SERVER_OK", "context":{"environment":"Prod_germanywestcentral_prod-s01-010-eur-germanywestcentral", "migrationStage":"NotStarted", "server":"akswtt002000005"}}
{"logTime": "0614/110420", "correlationVector":"FSJJQ6azhST3tLbq90/GwZ.2","action":"ProcessGetUpdates", "result":"Done", "context":{"dataType":"Sessions", "deleted":"0", "process_failed_to_decrypt":"0", "process_pending_decryption":"0", "process_success":"2", "total":"2"}}
{"logTime": "0614/110420", "correlationVector":"FSJJQ6azhST3tLbq90/GwZ.3","action":"ProcessGetUpdates", "result":"Done", "context":{"dataType":"Device Info", "deleted":"0", "process_failed_to_decrypt":"0", "process_pending_decryption":"0", "process_success":"1", "total":"1"}}
{"logTime": "0614/110420", "correlationVector":"FSJJQ6azhST3tLbq90/GwZ.4","action":"GetUpdates Response", "result":"Success", "context":Received 3 update(s). cV=FSJJQ6azhST3tLbq90/GwZ.0;server=akswtt002000005;cloudType=Consumer;environment=Prod_germanywestcentral_prod-s01-010-eur-germanywestcentral;migrationStage=NotStarted}
{"logTime": "0614/110420", "correlationVector":"mNBODZI6T+JpnRFOHPfqHF","action":"Commit Request", "result":"", "context":Item count: 6
Contributing types: Preferences, Sessions, History}
{"logTime": "0614/110422", "correlationVector":"mNBODZI6T+JpnRFOHPfqHF.1","action":"SyncServerConnectionManagerRequest", "result":"SYNC_SERVER_OK", "context":{"environment":"Prod_germanywestcentral_prod-s01-010-eur-germanywestcentral", "migrationStage":"NotStarted", "server":"akswtt00200000z"}}
{"logTime": "0614/110422", "correlationVector":"mNBODZI6T+JpnRFOHPfqHF.2","action":"Commit Response", "result":"Success", "context":Result: Success. cV=mNBODZI6T+JpnRFOHPfqHF.0;server=akswtt00200000z;cloudType=Consumer;environment=Prod_germanywestcentral_prod-s01-010-eur-germanywestcentral;migrationStage=NotStarted}
{"logTime": "0614/110423", "correlationVector":"OKMa/fifezUpDWKTX1GgpR","action":"SyncServerConnectionManagerRequest", "result":"SYNC_SERVER_ERROR", "context":{"environment":"", "error_type":"http_status_code", "error_value":"400", "migrationStage":"", "server":""}}
{"logTime": "0614/110423", "correlationVector":"Y+Xy4IOe9Yg7jfSH8sdaQR","action":"Normal GetUpdate request", "result":"", "context":cV=Y+Xy4IOe9Yg7jfSH8sdaQR
Nudged types: Preferences, Sessions, History
Refresh requested types: Encryption Keys}
{"logTime": "0614/110424", "correlationVector":"Y+Xy4IOe9Yg7jfSH8sdaQR.1","action":"SyncServerConnectionManagerRequest", "result":"SYNC_SERVER_OK", "context":{"environment":"Prod_germanywestcentral_prod-s01-010-eur-germanywestcentral", "migrationStage":"NotStarted", "server":"akswtt00200001a"}}
{"logTime": "0614/110424", "correlationVector":"Y+Xy4IOe9Yg7jfSH8sdaQR.2","action":"ProcessGetUpdates", "result":"Done", "context":{"dataType":"Preferences", "deleted":"0", "process_failed_to_decrypt":"0", "process_pending_decryption":"0", "process_success":"1", "total":"1"}}
{"logTime": "0614/110424", "correlationVector":"Y+Xy4IOe9Yg7jfSH8sdaQR.3","action":"ProcessGetUpdates", "result":"Done", "context":{"dataType":"Sessions", "deleted":"0", "process_failed_to_decrypt":"0", "process_pending_decryption":"0", "process_success":"3", "total":"3"}}
{"logTime": "0614/110424", "correlationVector":"Y+Xy4IOe9Yg7jfSH8sdaQR.4","action":"ProcessGetUpdates", "result":"Done", "context":{"dataType":"History", "deleted":"0", "process_failed_to_decrypt":"0", "process_pending_decryption":"0", "process_success":"2", "total":"2"}}
{"logTime": "0614/110424", "correlationVector":"Y+Xy4IOe9Yg7jfSH8sdaQR.5","action":"GetUpdates Response", "result":"Success", "context":Received 6 update(s). cV=Y+Xy4IOe9Yg7jfSH8sdaQR.0;server=akswtt00200001a;cloudType=Consumer;environment=Prod_germanywestcentral_prod-s01-010-eur-germanywestcentral;migrationStage=NotStarted}
{"logTime": "0614/110424", "correlationVector":"FDfUblz2QSX93MfifUwHfZ","action":"Commit Request", "result":"", "context":Item count: 3
Contributing types: Sessions, History}
{"logTime": "0614/110424", "correlationVector":"FDfUblz2QSX93MfifUwHfZ.1","action":"SyncServerConnectionManagerRequest", "result":"SYNC_SERVER_OK", "context":{"environment":"Prod_germanywestcentral_prod-s01-010-eur-germanywestcentral", "migrationStage":"NotStarted", "server":"akswtt00200001o"}}
{"logTime": "0614/110424", "correlationVector":"FDfUblz2QSX93MfifUwHfZ.3","action":"Commit.Sessions", "result":"Success", "context":{"id":"f128b1d0-55d9-4e7d-a499-c944528935b1", "isDeleted":"true", "size":"0", "version":"1781435060763"}}
{"logTime": "0614/110424", "correlationVector":"FDfUblz2QSX93MfifUwHfZ.2","action":"Commit Response", "result":"Success", "context":Result: Success. cV=FDfUblz2QSX93MfifUwHfZ.0;server=akswtt00200001o;cloudType=Consumer;environment=Prod_germanywestcentral_prod-s01-010-eur-germanywestcentral;migrationStage=NotStarted}
{"logTime": "0614/110425", "correlationVector":"xw0y+W+iyTHKeb9Wx7umql","action":"SyncServerConnectionManagerRequest", "result":"SYNC_SERVER_ERROR", "context":{"environment":"", "error_type":"http_status_code", "error_value":"400", "migrationStage":"", "server":""}}
{"logTime": "0614/110426", "correlationVector":"qWltZ7JpITKS6mpiN0g4ZF","action":"Normal GetUpdate request", "result":"", "context":cV=qWltZ7JpITKS6mpiN0g4ZF
Nudged types: Sessions, History
Refresh requested types: Encryption Keys}
{"logTime": "0614/110426", "correlationVector":"qWltZ7JpITKS6mpiN0g4ZF.1","action":"SyncServerConnectionManagerRequest", "result":"SYNC_SERVER_OK", "context":{"environment":"Prod_germanywestcentral_prod-s01-010-eur-germanywestcentral", "migrationStage":"NotStarted", "server":"akswtt00200001i"}}
{"logTime": "0614/110426", "correlationVector":"qWltZ7JpITKS6mpiN0g4ZF.2","action":"ProcessGetUpdates", "result":"Done", "context":{"dataType":"Sessions", "deleted":"1", "process_failed_to_decrypt":"0", "process_pending_decryption":"0", "process_success":"2", "total":"2"}}
{"logTime": "0614/110426", "correlationVector":"qWltZ7JpITKS6mpiN0g4ZF.3","action":"ProcessGetUpdates", "result":"Done", "context":{"dataType":"History", "deleted":"0", "process_failed_to_decrypt":"0", "process_pending_decryption":"0", "process_success":"1", "total":"1"}}
{"logTime": "0614/110426", "correlationVector":"qWltZ7JpITKS6mpiN0g4ZF.4","action":"GetUpdates Response", "result":"Success", "context":Received 3 update(s). cV=qWltZ7JpITKS6mpiN0g4ZF.0;server=akswtt00200001i;cloudType=Consumer;environment=Prod_germanywestcentral_prod-s01-010-eur-germanywestcentral;migrationStage=NotStarted}
{"logTime": "0614/110426", "correlationVector":"omEGGT+IueR8tVB4oUs7Nk","action":"Commit Request", "result":"", "context":Item count: 3
Contributing types: Sessions, History}
{"logTime": "0614/110428", "correlationVector":"omEGGT+IueR8tVB4oUs7Nk.1","action":"SyncServerConnectionManagerRequest", "result":"SYNC_SERVER_OK", "context":{"environment":"Prod_germanywestcentral_prod-s01-010-eur-germanywestcentral", "migrationStage":"NotStarted", "server":"akswtt00200001i"}}
{"logTime": "0614/110428", "correlationVector":"omEGGT+IueR8tVB4oUs7Nk.2","action":"Commit Response", "result":"Success", "context":Result: Success. cV=omEGGT+IueR8tVB4oUs7Nk.0;server=akswtt00200001i;cloudType=Consumer;environment=Prod_germanywestcentral_prod-s01-010-eur-germanywestcentral;migrationStage=NotStarted}
{"logTime": "0614/110429", "correlationVector":"wCfSST4Vrpzi4n/SHB+1li","action":"SyncServerConnectionManagerRequest", "result":"SYNC_SERVER_ERROR", "context":{"environment":"", "error_type":"http_status_code", "error_value":"400", "migrationStage":"", "server":""}}
{"logTime": "0614/110433", "correlationVector":"DPZOMGefpFwc8k8tUdl4C0","action":"Normal GetUpdate request", "result":"", "context":cV=DPZOMGefpFwc8k8tUdl4C0
Nudged types: Sessions, History
Refresh requested types: Encryption Keys}
{"logTime": "0614/110434", "correlationVector":"DPZOMGefpFwc8k8tUdl4C0.1","action":"SyncServerConnectionManagerRequest", "result":"SYNC_SERVER_OK", "context":{"environment":"Prod_germanywestcentral_prod-s01-010-eur-germanywestcentral", "migrationStage":"NotStarted", "server":"akswtt00200000z"}}
{"logTime": "0614/110434", "correlationVector":"DPZOMGefpFwc8k8tUdl4C0.2","action":"ProcessGetUpdates", "result":"Done", "context":{"dataType":"Sessions", "deleted":"0", "process_failed_to_decrypt":"0", "process_pending_decryption":"0", "process_success":"1", "total":"1"}}
{"logTime": "0614/110434", "correlationVector":"DPZOMGefpFwc8k8tUdl4C0.3","action":"ProcessGetUpdates", "result":"Done", "context":{"dataType":"History", "deleted":"0", "process_failed_to_decrypt":"0", "process_pending_decryption":"0", "process_success":"2", "total":"2"}}
{"logTime": "0614/110434", "correlationVector":"DPZOMGefpFwc8k8tUdl4C0.4","action":"GetUpdates Response", "result":"Success", "context":Received 3 update(s). cV=DPZOMGefpFwc8k8tUdl4C0.0;server=akswtt00200000z;cloudType=Consumer;environment=Prod_germanywestcentral_prod-s01-010-eur-germanywestcentral;migrationStage=NotStarted}
{"logTime": "0614/110436", "correlationVector":"74tplRXK5i64sZ7UcN5bJ6","action":"SyncServerConnectionManagerRequest", "result":"SYNC_SERVER_ERROR", "context":{"environment":"", "error_type":"http_status_code", "error_value":"400", "migrationStage":"", "server":""}}
{"logTime": "0614/110444", "correlationVector":"tg6Oc9AjnYzey8f2jVuaL+","action":"Normal GetUpdate request", "result":"", "context":cV=tg6Oc9AjnYzey8f2jVuaL+
Nudged types: History
Refresh requested types: Encryption Keys}
{"logTime": "0614/110444", "correlationVector":"tg6Oc9AjnYzey8f2jVuaL+.1","action":"SyncServerConnectionManagerRequest", "result":"SYNC_SERVER_OK", "context":{"environment":"Prod_germanywestcentral_prod-s01-010-eur-germanywestcentral", "migrationStage":"NotStarted", "server":"akswtt00200001m"}}
{"logTime": "0614/110444", "correlationVector":"tg6Oc9AjnYzey8f2jVuaL+.2","action":"GetUpdates Response", "result":"Success", "context":Received 0 update(s). cV=tg6Oc9AjnYzey8f2jVuaL+.0;server=akswtt00200001m;cloudType=Consumer;environment=Prod_germanywestcentral_prod-s01-010-eur-germanywestcentral;migrationStage=NotStarted}
{"logTime": "0614/110445", "correlationVector":"DRKrzcXRKVymESDbgYKvIY","action":"Commit Request", "result":"", "context":Item count: 1
Contributing types: History}
{"logTime": "0614/110446", "correlationVector":"DRKrzcXRKVymESDbgYKvIY.1","action":"SyncServerConnectionManagerRequest", "result":"SYNC_SERVER_OK", "context":{"environment":"Prod_germanywestcentral_prod-s01-010-eur-germanywestcentral", "migrationStage":"NotStarted", "server":"akswtt002000018"}}
{"logTime": "0614/110446", "correlationVector":"DRKrzcXRKVymESDbgYKvIY.2","action":"Commit Response", "result":"Success", "context":Result: Success. cV=DRKrzcXRKVymESDbgYKvIY.0;server=akswtt002000018;cloudType=Consumer;environment=Prod_germanywestcentral_prod-s01-010-eur-germanywestcentral;migrationStage=NotStarted}
{"logTime": "0614/110446", "correlationVector":"hHoz4wq6C8f9O8pYy4z2Ji","action":"SyncServerConnectionManagerRequest", "result":"SYNC_SERVER_ERROR", "context":{"environment":"", "error_type":"http_status_code", "error_value":"400", "migrationStage":"", "server":""}}
{"logTime": "0614/110500", "correlationVector":"6JsTR2+iS1iDpThjZGJMCD","action":"Normal GetUpdate request", "result":"", "context":cV=6JsTR2+iS1iDpThjZGJMCD
Nudged types: History
Refresh requested types: Encryption Keys}
{"logTime": "0614/110500", "correlationVector":"6JsTR2+iS1iDpThjZGJMCD.1","action":"SyncServerConnectionManagerRequest", "result":"SYNC_SERVER_OK", "context":{"environment":"Prod_germanywestcentral_prod-s01-010-eur-germanywestcentral", "migrationStage":"NotStarted", "server":"akswtt002000019"}}
{"logTime": "0614/110500", "correlationVector":"6JsTR2+iS1iDpThjZGJMCD.2","action":"ProcessGetUpdates", "result":"Done", "context":{"dataType":"History", "deleted":"0", "process_failed_to_decrypt":"0", "process_pending_decryption":"0", "process_success":"1", "total":"1"}}
{"logTime": "0614/110500", "correlationVector":"6JsTR2+iS1iDpThjZGJMCD.3","action":"GetUpdates Response", "result":"Success", "context":Received 1 update(s). cV=6JsTR2+iS1iDpThjZGJMCD.0;server=akswtt002000019;cloudType=Consumer;environment=Prod_germanywestcentral_prod-s01-010-eur-germanywestcentral;migrationStage=NotStarted}
{"logTime": "0614/110501", "correlationVector":"FkeMUS5rr1JJCVIXHn3dqT","action":"SyncServerConnectionManagerRequest", "result":"SYNC_SERVER_ERROR", "context":{"environment":"", "error_type":"http_status_code", "error_value":"400", "migrationStage":"", "server":""}}
{"logTime": "0614/110501", "correlationVector":"69JaNCDuD/fQOoGwrfX+wt","action":"Normal GetUpdate request", "result":"", "context":cV=69JaNCDuD/fQOoGwrfX+wt
Refresh requested types: Encryption Keys}
{"logTime": "0614/110502", "correlationVector":"69JaNCDuD/fQOoGwrfX+wt.1","action":"SyncServerConnectionManagerRequest", "result":"SYNC_SERVER_OK", "context":{"environment":"Prod_germanywestcentral_prod-s01-010-eur-germanywestcentral", "migrationStage":"NotStarted", "server":"akswtt00200001m"}}
{"logTime": "0614/110502", "correlationVector":"69JaNCDuD/fQOoGwrfX+wt.2","action":"GetUpdates Response", "result":"Success", "context":Received 0 update(s). cV=69JaNCDuD/fQOoGwrfX+wt.0;server=akswtt00200001m;cloudType=Consumer;environment=Prod_germanywestcentral_prod-s01-010-eur-germanywestcentral;migrationStage=NotStarted}
{"logTime": "0614/110503", "correlationVector":"HigH0S6PZR5rrsOAd7EJ/U","action":"SyncServerConnectionManagerRequest", "result":"SYNC_SERVER_ERROR", "context":{"environment":"", "error_type":"http_status_code", "error_value":"400", "migrationStage":"", "server":""}}
{"logTime": "0614/112147", "correlationVector":"LebGCHE9zjd2+6xSx94TP8.1","action":"SyncServerConnectionManagerRequest", "result":"SYNC_SERVER_OK", "context":{"environment":"Prod_germanywestcentral_prod-s01-010-eur-germanywestcentral", "migrationStage":"NotStarted", "server":"akswtt00200001o"}}
{"logTime": "0614/112147", "correlationVector":"LebGCHE9zjd2+6xSx94TP8.2","action":"ProcessGetUpdates", "result":"Done", "context":{"dataType":"Encryption Keys", "deleted":"0", "process_failed_to_decrypt":"0", "process_pending_decryption":"0", "process_success":"1", "total":"1"}}
{"logTime": "0614/112148", "correlationVector":"03O0fSJoB53/qg1lNLVCR5","action":"SyncServerConnectionManagerRequest", "result":"SYNC_SERVER_OK", "context":{"environment":"", "migrationStage":"", "server":""}}
{"logTime": "0614/112148", "correlationVector":"03O0fSJoB53/qg1lNLVCR5.0","action":"EncryptionKeysFetcher.DownloadKeys:", "result":"Success", "context":Key count: 10, Last key timestamp: 2026-04-20T18:34:12Z}
{"logTime": "0614/112148", "correlationVector":"03O0fSJoB53/qg1lNLVCR5.1","action":"EncryptionKeysManager::SetEncryptionKeys:", "result":"Success", "context":Key names[10]:[GIOC+M3pXH3x35fInUijIbQy/A8IUzZMEXQduoN9wDH8b1tgHYwuGQPU9QJOdUdP68K10sHoLTP1NAdcCk7M1Q==][yx8+bgm/XqcGCYPBZg4u18p4Q9Umn91x/kpHyx8govWtphps3JmR0RdySEhFbA3Pb02IH/j0NIGJDSrbUJl1FQ==][Nsl4KGbDlIdgmYE9psD7lI5fzERhRrXmpCsBdIVFoUGK/UOH842nAnEWy9xVJ7J9awMcZfsjcyueQd2yThoa7Q==][HxnalKXs7EwT0SqcZ5GyCSGL9P/MzhzkdLQWQh9lI+J2CyCAwOYVZRyCPTMzVSXUPhCxzseDHPmAa2ph+6/JIA==][MhZN0xzbVpRpFhBFDCgaaamuTIUiQkxOGUOrTrNxhEl/RAG47OB4x8oq13cC1pjpiRj4e7cqLs7rr8q26YZQpQ==][LEaVjYZlqq4fgDZDTA0QESjaHNbUqxbWNLVfxY1eM6MhJaugtS3cdG+cULwIHSss9WWPwYv6aJT3s35SpjtIgQ==][bnpIRps71u1obkSyFp6H2y8hK3OGNyu8jivJLnfBM6ZVJVvzxxJYkKV5jy0weFFsQGIw9ycTYETx5UWFbi7siQ==][Xx2SF2e37/qvl/a8+naDhgHn9DmKxUZwn8JeZhN1sh8GxUlKBrynqkusGWGO7KsVW0iy4VcK2U7/GJrHME4gkg==][XquSYmKhpcDpUhM25Oxqy0Rk+DqrYVWaprcifPcLGRvmC6N0Z7e6qQeECXEkSkpqhCLSFS54PTYqf6Mfg3iBbg==][XmGjSlz7/2Ry69sblx4HC00voDb81xAnRmlPEB/1TPyQM70tFZ4OkpD7ORX/jy5709OIL9a7GaPpDSk2u4aEBA==]}
{"logTime": "0614/112148", "correlationVector":"03O0fSJoB53/qg1lNLVCR5.2","action":"EncryptionKeysManager::SetEncryptionKeysWithTimestamps:", "result":"Success", "context":Key timestamps[10]:[2021-07-29T06:29:47Z][2022-08-09T21:51:25Z][2023-02-08T15:52:36Z][2023-08-13T05:11:15Z][2024-02-09T15:46:44Z][2024-04-08T02:28:07Z][2024-10-23T17:09:39Z][2025-04-24T19:09:47Z][2025-10-22T03:12:48Z][2026-04-20T18:34:12Z]}
{"logTime": "0614/112148", "correlationVector":"LebGCHE9zjd2+6xSx94TP8","action":"Initial GetUpdates", "result":"", "context":Reason: NEW_CLIENT. cV=LebGCHE9zjd2+6xSx94TP8}
{"logTime": "0614/112148", "correlationVector":"LebGCHE9zjd2+6xSx94TP8.3","action":"GetUpdates Response", "result":"Success", "context":Received 1 update(s). cV=LebGCHE9zjd2+6xSx94TP8.0;server=akswtt00200001o;cloudType=Consumer;environment=Prod_germanywestcentral_prod-s01-010-eur-germanywestcentral;migrationStage=NotStarted}
{"logTime": "0614/112148", "correlationVector":"UL0lrvXWbLGOUM1B0mcFJU","action":"Initial GetUpdates", "result":"", "context":Reason: NEWLY_SUPPORTED_DATATYPE. cV=UL0lrvXWbLGOUM1B0mcFJU}
{"logTime": "0614/112149", "correlationVector":"UL0lrvXWbLGOUM1B0mcFJU.1","action":"SyncServerConnectionManagerRequest", "result":"SYNC_SERVER_OK", "context":{"environment":"Prod_germanywestcentral_prod-s01-011-eur-germanywestcentral", "migrationStage":"NotStarted", "server":"akswtt10100001r"}}
{"logTime": "0614/112149", "correlationVector":"UL0lrvXWbLGOUM1B0mcFJU.2","action":"ProcessGetUpdates", "result":"Done", "context":{"dataType":"Preferences", "deleted":"0", "process_failed_to_decrypt":"0", "process_pending_decryption":"0", "process_success":"130", "total":"130"}}
{"logTime": "0614/112149", "correlationVector":"UL0lrvXWbLGOUM1B0mcFJU.3","action":"ProcessGetUpdates", "result":"Done", "context":{"dataType":"Passwords", "deleted":"7", "process_failed_to_decrypt":"0", "process_pending_decryption":"0", "process_success":"85", "total":"85"}}
{"logTime": "0614/112149", "correlationVector":"UL0lrvXWbLGOUM1B0mcFJU.4","action":"ProcessGetUpdates", "result":"Done", "context":{"dataType":"Device Info", "deleted":"0", "process_failed_to_decrypt":"0", "process_pending_decryption":"0", "process_success":"35", "total":"35"}}
{"logTime": "0614/112149", "correlationVector":"UL0lrvXWbLGOUM1B0mcFJU.5","action":"GetUpdates Response", "result":"Success", "context":Received 250 update(s). cV=UL0lrvXWbLGOUM1B0mcFJU.0;server=akswtt10100001r;cloudType=Consumer;environment=Prod_germanywestcentral_prod-s01-011-eur-germanywestcentral;migrationStage=NotStarted Some updates remain.}
{"logTime": "0614/112149", "correlationVector":"O49+ZFfwMMx0zs+w2WTF48","action":"Initial GetUpdates", "result":"", "context":Reason: NEWLY_SUPPORTED_DATATYPE. cV=O49+ZFfwMMx0zs+w2WTF48}
{"logTime": "0614/112150", "correlationVector":"O49+ZFfwMMx0zs+w2WTF48.1","action":"SyncServerConnectionManagerRequest", "result":"SYNC_SERVER_OK", "context":{"environment":"Prod_germanywestcentral_prod-s01-011-eur-germanywestcentral", "migrationStage":"NotStarted", "server":"akswtt10100000a"}}
{"logTime": "0614/112150", "correlationVector":"O49+ZFfwMMx0zs+w2WTF48.2","action":"ProcessGetUpdates", "result":"Done", "context":{"dataType":"Passwords", "deleted":"0", "process_failed_to_decrypt":"0", "process_pending_decryption":"0", "process_success":"249", "total":"249"}}
{"logTime": "0614/112150", "correlationVector":"O49+ZFfwMMx0zs+w2WTF48.3","action":"ProcessGetUpdates", "result":"Done", "context":{"dataType":"Device Info", "deleted":"0", "process_failed_to_decrypt":"0", "process_pending_decryption":"0", "process_success":"1", "total":"1"}}
{"logTime": "0614/112150", "correlationVector":"O49+ZFfwMMx0zs+w2WTF48.4","action":"GetUpdates Response", "result":"Success", "context":Received 250 update(s). cV=O49+ZFfwMMx0zs+w2WTF48.0;server=akswtt10100000a;cloudType=Consumer;environment=Prod_germanywestcentral_prod-s01-011-eur-germanywestcentral;migrationStage=NotStarted Some updates remain.}
{"logTime": "0614/112150", "correlationVector":"MR7dP51UFcyVHkuTuLF1z1","action":"Initial GetUpdates", "result":"", "context":Reason: NEWLY_SUPPORTED_DATATYPE. cV=MR7dP51UFcyVHkuTuLF1z1}
{"logTime": "0614/112151", "correlationVector":"MR7dP51UFcyVHkuTuLF1z1.1","action":"SyncServerConnectionManagerRequest", "result":"SYNC_SERVER_OK", "context":{"environment":"Prod_germanywestcentral_prod-s01-011-eur-germanywestcentral", "migrationStage":"NotStarted", "server":"akswtt10100003j"}}
{"logTime": "0614/112151", "correlationVector":"MR7dP51UFcyVHkuTuLF1z1.2","action":"ProcessGetUpdates", "result":"Done", "context":{"dataType":"Preferences", "deleted":"0", "process_failed_to_decrypt":"0", "process_pending_decryption":"0", "process_success":"1", "total":"1"}}
{"logTime": "0614/112151", "correlationVector":"MR7dP51UFcyVHkuTuLF1z1.3","action":"ProcessGetUpdates", "result":"Done", "context":{"dataType":"Passwords", "deleted":"0", "process_failed_to_decrypt":"0", "process_pending_decryption":"0", "process_success":"27", "total":"27"}}
{"logTime": "0614/112151", "correlationVector":"MR7dP51UFcyVHkuTuLF1z1.4","action":"GetUpdates Response", "result":"Success", "context":Received 28 update(s). cV=MR7dP51UFcyVHkuTuLF1z1.0;server=akswtt10100003j;cloudType=Consumer;environment=Prod_germanywestcentral_prod-s01-011-eur-germanywestcentral;migrationStage=NotStarted}
{"logTime": "0614/112151", "correlationVector":"11egkotedZ7h4stL/TDMN6","action":"Initial GetUpdates", "result":"", "context":Reason: NEWLY_SUPPORTED_DATATYPE. cV=11egkotedZ7h4stL/TDMN6}
{"logTime": "0614/112152", "correlationVector":"11egkotedZ7h4stL/TDMN6.1","action":"SyncServerConnectionManagerRequest", "result":"SYNC_SERVER_OK", "context":{"environment":"Prod_germanywestcentral_prod-s01-011-eur-germanywestcentral", "migrationStage":"NotStarted", "server":"akswtt10100001r"}}
{"logTime": "0614/112152", "correlationVector":"11egkotedZ7h4stL/TDMN6.2","action":"ProcessGetUpdates", "result":"Done", "context":{"dataType":"Bookmarks", "deleted":"1", "process_failed_to_decrypt":"0", "process_pending_decryption":"0", "process_success":"95", "total":"95"}}
{"logTime": "0614/112152", "correlationVector":"11egkotedZ7h4stL/TDMN6.3","action":"GetUpdates Response", "result":"Success", "context":Received 95 update(s). cV=11egkotedZ7h4stL/TDMN6.0;server=akswtt10100001r;cloudType=Consumer;environment=Prod_germanywestcentral_prod-s01-011-eur-germanywestcentral;migrationStage=NotStarted}
{"logTime": "0614/112152", "correlationVector":"LoAJkmWQF4CsqpFrMVPebl","action":"Initial GetUpdates", "result":"", "context":Reason: NEWLY_SUPPORTED_DATATYPE. cV=LoAJkmWQF4CsqpFrMVPebl}
{"logTime": "0614/112153", "correlationVector":"LoAJkmWQF4CsqpFrMVPebl.1","action":"SyncServerConnectionManagerRequest", "result":"SYNC_SERVER_OK", "context":{"environment":"Prod_germanywestcentral_prod-s01-011-eur-germanywestcentral", "migrationStage":"NotStarted", "server":"akswtt10100000l"}}
{"logTime": "0614/112153", "correlationVector":"LoAJkmWQF4CsqpFrMVPebl.2","action":"ProcessGetUpdates", "result":"Done", "context":{"dataType":"Autofill", "deleted":"0", "process_failed_to_decrypt":"0", "process_pending_decryption":"0", "process_success":"225", "total":"225"}}
{"logTime": "0614/112153", "correlationVector":"LoAJkmWQF4CsqpFrMVPebl.3","action":"ProcessGetUpdates", "result":"Done", "context":{"dataType":"Extensions", "deleted":"0", "process_failed_to_decrypt":"0", "process_pending_decryption":"0", "process_success":"5", "total":"5"}}
{"logTime": "0614/112153", "correlationVector":"LoAJkmWQF4CsqpFrMVPebl.4","action":"ProcessGetUpdates", "result":"Done", "context":{"dataType":"Extension settings", "deleted":"0", "process_failed_to_decrypt":"0", "process_pending_decryption":"0", "process_success":"20", "total":"20"}}
{"logTime": "0614/112153", "correlationVector":"LoAJkmWQF4CsqpFrMVPebl.5","action":"GetUpdates Response", "result":"Success", "context":Received 250 update(s). cV=LoAJkmWQF4CsqpFrMVPebl.0;server=akswtt10100000l;cloudType=Consumer;environment=Prod_germanywestcentral_prod-s01-011-eur-germanywestcentral;migrationStage=NotStarted Some updates remain.}
{"logTime": "0614/112153", "correlationVector":"xfpg5TLTsMl9ZAmDkro7fY","action":"Initial GetUpdates", "result":"", "context":Reason: NEWLY_SUPPORTED_DATATYPE. cV=xfpg5TLTsMl9ZAmDkro7fY}
{"logTime": "0614/112153", "correlationVector":"xfpg5TLTsMl9ZAmDkro7fY.1","action":"SyncServerConnectionManagerRequest", "result":"SYNC_SERVER_OK", "context":{"environment":"Prod_germanywestcentral_prod-s01-011-eur-germanywestcentral", "migrationStage":"NotStarted", "server":"akswtt10100001q"}}
{"logTime": "0614/112153", "correlationVector":"xfpg5TLTsMl9ZAmDkro7fY.2","action":"ProcessGetUpdates", "result":"Done", "context":{"dataType":"Autofill", "deleted":"0", "process_failed_to_decrypt":"0", "process_pending_decryption":"0", "process_success":"250", "total":"250"}}
{"logTime": "0614/112153", "correlationVector":"xfpg5TLTsMl9ZAmDkro7fY.3","action":"GetUpdates Response", "result":"Success", "context":Received 250 update(s). cV=xfpg5TLTsMl9ZAmDkro7fY.0;server=akswtt10100001q;cloudType=Consumer;environment=Prod_germanywestcentral_prod-s01-011-eur-germanywestcentral;migrationStage=NotStarted Some updates remain.}
{"logTime": "0614/112153", "correlationVector":"98YHSO4OvqdEpIyEoBwIk/","action":"Initial GetUpdates", "result":"", "context":Reason: NEWLY_SUPPORTED_DATATYPE. cV=98YHSO4OvqdEpIyEoBwIk/}
{"logTime": "0614/112154", "correlationVector":"98YHSO4OvqdEpIyEoBwIk/.1","action":"SyncServerConnectionManagerRequest", "result":"SYNC_SERVER_OK", "context":{"environment":"Prod_germanywestcentral_prod-s01-011-eur-germanywestcentral", "migrationStage":"NotStarted", "server":"akswtt10100000l"}}
{"logTime": "0614/112154", "correlationVector":"98YHSO4OvqdEpIyEoBwIk/.2","action":"ProcessGetUpdates", "result":"Done", "context":{"dataType":"Autofill Profiles", "deleted":"0", "process_failed_to_decrypt":"0", "process_pending_decryption":"0", "process_success":"18", "total":"18"}}
{"logTime": "0614/112154", "correlationVector":"98YHSO4OvqdEpIyEoBwIk/.3","action":"ProcessGetUpdates", "result":"Done", "context":{"dataType":"Autofill", "deleted":"0", "process_failed_to_decrypt":"0", "process_pending_decryption":"0", "process_success":"111", "total":"111"}}
{"logTime": "0614/112154", "correlationVector":"98YHSO4OvqdEpIyEoBwIk/.4","action":"ProcessGetUpdates", "result":"Done", "context":{"dataType":"Extensions", "deleted":"0", "process_failed_to_decrypt":"0", "process_pending_decryption":"0", "process_success":"3", "total":"3"}}
{"logTime": "0614/112154", "correlationVector":"98YHSO4OvqdEpIyEoBwIk/.5","action":"ProcessGetUpdates", "result":"Done", "context":{"dataType":"Sessions", "deleted":"107", "process_failed_to_decrypt":"0", "process_pending_decryption":"0", "process_success":"107", "total":"107"}}
{"logTime": "0614/112154", "correlationVector":"98YHSO4OvqdEpIyEoBwIk/.6","action":"ProcessGetUpdates", "result":"Done", "context":{"dataType":"Extension settings", "deleted":"0", "process_failed_to_decrypt":"0", "process_pending_decryption":"0", "process_success":"3", "total":"3"}}
{"logTime": "0614/112154", "correlationVector":"98YHSO4OvqdEpIyEoBwIk/.7","action":"ProcessGetUpdates", "result":"Done", "context":{"dataType":"WebAuthn Credentials", "deleted":"0", "process_failed_to_decrypt":"0", "process_pending_decryption":"0", "process_success":"1", "total":"1"}}
{"logTime": "0614/112154", "correlationVector":"98YHSO4OvqdEpIyEoBwIk/.8","action":"ProcessGetUpdates", "result":"Done", "context":{"dataType":"Edge Hub App Usage", "deleted":"1", "process_failed_to_decrypt":"0", "process_pending_decryption":"0", "process_success":"7", "total":"7"}}
{"logTime": "0614/112154", "correlationVector":"98YHSO4OvqdEpIyEoBwIk/.9","action":"GetUpdates Response", "result":"Success", "context":Received 250 update(s). cV=98YHSO4OvqdEpIyEoBwIk/.0;server=akswtt10100000l;cloudType=Consumer;environment=Prod_germanywestcentral_prod-s01-011-eur-germanywestcentral;migrationStage=NotStarted Some updates remain.}
{"logTime": "0614/112154", "correlationVector":"lswui6lE1SJlhD8LsEqwzD","action":"Initial GetUpdates", "result":"", "context":Reason: NEWLY_SUPPORTED_DATATYPE. cV=lswui6lE1SJlhD8LsEqwzD}
{"logTime": "0614/112155", "correlationVector":"lswui6lE1SJlhD8LsEqwzD.1","action":"SyncServerConnectionManagerRequest", "result":"SYNC_SERVER_OK", "context":{"environment":"Prod_germanywestcentral_prod-s01-011-eur-germanywestcentral", "migrationStage":"NotStarted", "server":"akswtt10100003b"}}
{"logTime": "0614/112155", "correlationVector":"lswui6lE1SJlhD8LsEqwzD.2","action":"ProcessGetUpdates", "result":"Done", "context":{"dataType":"Autofill Profiles", "deleted":"0", "process_failed_to_decrypt":"0", "process_pending_decryption":"0", "process_success":"25", "total":"25"}}
{"logTime": "0614/112155", "correlationVector":"lswui6lE1SJlhD8LsEqwzD.3","action":"ProcessGetUpdates", "result":"Done", "context":{"dataType":"Autofill", "deleted":"0", "process_failed_to_decrypt":"0", "process_pending_decryption":"0", "process_success":"225", "total":"225"}}
{"logTime": "0614/112155", "correlationVector":"lswui6lE1SJlhD8LsEqwzD.4","action":"GetUpdates Response", "result":"Success", "context":Received 250 update(s). cV=lswui6lE1SJlhD8LsEqwzD.0;server=akswtt10100003b;cloudType=Consumer;environment=Prod_germanywestcentral_prod-s01-011-eur-germanywestcentral;migrationStage=NotStarted Some updates remain.}
{"logTime": "0614/112155", "correlationVector":"xJvyYoSTsH0whXFhLOKTnZ","action":"Initial GetUpdates", "result":"", "context":Reason: NEWLY_SUPPORTED_DATATYPE. cV=xJvyYoSTsH0whXFhLOKTnZ}
{"logTime": "0614/112155", "correlationVector":"xJvyYoSTsH0whXFhLOKTnZ.1","action":"SyncServerConnectionManagerRequest", "result":"SYNC_SERVER_OK", "context":{"environment":"Prod_germanywestcentral_prod-s01-011-eur-germanywestcentral", "migrationStage":"NotStarted", "server":"akswtt10100000m"}}
{"logTime": "0614/112155", "correlationVector":"xJvyYoSTsH0whXFhLOKTnZ.2","action":"ProcessGetUpdates", "result":"Done", "context":{"dataType":"Autofill", "deleted":"0", "process_failed_to_decrypt":"0", "process_pending_decryption":"0", "process_success":"250", "total":"250"}}
{"logTime": "0614/112155", "correlationVector":"xJvyYoSTsH0whXFhLOKTnZ.3","action":"GetUpdates Response", "result":"Success", "context":Received 250 update(s). cV=xJvyYoSTsH0whXFhLOKTnZ.0;server=akswtt10100000m;cloudType=Consumer;environment=Prod_germanywestcentral_prod-s01-011-eur-germanywestcentral;migrationStage=NotStarted Some updates remain.}
{"logTime": "0614/112155", "correlationVector":"6J4LwZXvg4FmDKkoMkFMvi","action":"Initial GetUpdates", "result":"", "context":Reason: NEWLY_SUPPORTED_DATATYPE. cV=6J4LwZXvg4FmDKkoMkFMvi}
{"logTime": "0614/112156", "correlationVector":"6J4LwZXvg4FmDKkoMkFMvi.1","action":"SyncServerConnectionManagerRequest", "result":"SYNC_SERVER_OK", "context":{"environment":"Prod_germanywestcentral_prod-s01-011-eur-germanywestcentral", "migrationStage":"NotStarted", "server":"akswtt10100000l"}}
{"logTime": "0614/112156", "correlationVector":"6J4LwZXvg4FmDKkoMkFMvi.2","action":"ProcessGetUpdates", "result":"Done", "context":{"dataType":"Autofill", "deleted":"0", "process_failed_to_decrypt":"0", "process_pending_decryption":"0", "process_success":"250", "total":"250"}}
{"logTime": "0614/112156", "correlationVector":"6J4LwZXvg4FmDKkoMkFMvi.3","action":"GetUpdates Response", "result":"Success", "context":Received 250 update(s). cV=6J4LwZXvg4FmDKkoMkFMvi.0;server=akswtt10100000l;cloudType=Consumer;environment=Prod_germanywestcentral_prod-s01-011-eur-germanywestcentral;migrationStage=NotStarted Some updates remain.}
{"logTime": "0614/112156", "correlationVector":"13QMW+ByEVZ23RvMJ57Tng","action":"Initial GetUpdates", "result":"", "context":Reason: NEWLY_SUPPORTED_DATATYPE. cV=13QMW+ByEVZ23RvMJ57Tng}
{"logTime": "0614/112157", "correlationVector":"13QMW+ByEVZ23RvMJ57Tng.1","action":"SyncServerConnectionManagerRequest", "result":"SYNC_SERVER_OK", "context":{"environment":"Prod_germanywestcentral_prod-s01-011-eur-germanywestcentral", "migrationStage":"NotStarted", "server":"akswtt10100002s"}}
{"logTime": "0614/112157", "correlationVector":"13QMW+ByEVZ23RvMJ57Tng.2","action":"ProcessGetUpdates", "result":"Done", "context":{"dataType":"Autofill", "deleted":"0", "process_failed_to_decrypt":"0", "process_pending_decryption":"0", "process_success":"250", "total":"250"}}
{"logTime": "0614/112157", "correlationVector":"13QMW+ByEVZ23RvMJ57Tng.3","action":"GetUpdates Response", "result":"Success", "context":Received 250 update(s). cV=13QMW+ByEVZ23RvMJ57Tng.0;server=akswtt10100002s;cloudType=Consumer;environment=Prod_germanywestcentral_prod-s01-011-eur-germanywestcentral;migrationStage=NotStarted Some updates remain.}
{"logTime": "0614/112157", "correlationVector":"WdZ47RE3QQKniKVkx/p8TA","action":"Initial GetUpdates", "result":"", "context":Reason: NEWLY_SUPPORTED_DATATYPE. cV=WdZ47RE3QQKniKVkx/p8TA}
{"logTime": "0614/112157", "correlationVector":"WdZ47RE3QQKniKVkx/p8TA.1","action":"SyncServerConnectionManagerRequest", "result":"SYNC_SERVER_OK", "context":{"environment":"Prod_germanywestcentral_prod-s01-011-eur-germanywestcentral", "migrationStage":"NotStarted", "server":"akswtt101000033"}}
{"logTime": "0614/112157", "correlationVector":"WdZ47RE3QQKniKVkx/p8TA.2","action":"ProcessGetUpdates", "result":"Done", "context":{"dataType":"Autofill", "deleted":"0", "process_failed_to_decrypt":"0", "process_pending_decryption":"0", "process_success":"250", "total":"250"}}
{"logTime": "0614/112157", "correlationVector":"WdZ47RE3QQKniKVkx/p8TA.3","action":"GetUpdates Response", "result":"Success", "context":Received 250 update(s). cV=WdZ47RE3QQKniKVkx/p8TA.0;server=akswtt101000033;cloudType=Consumer;environment=Prod_germanywestcentral_prod-s01-011-eur-germanywestcentral;migrationStage=NotStarted Some updates remain.}
{"logTime": "0614/112157", "correlationVector":"Ore0F4noxWmmci5Cjh1uig","action":"Initial GetUpdates", "result":"", "context":Reason: NEWLY_SUPPORTED_DATATYPE. cV=Ore0F4noxWmmci5Cjh1uig}
{"logTime": "0614/112158", "correlationVector":"Ore0F4noxWmmci5Cjh1uig.1","action":"SyncServerConnectionManagerRequest", "result":"SYNC_SERVER_OK", "context":{"environment":"Prod_germanywestcentral_prod-s01-011-eur-germanywestcentral", "migrationStage":"NotStarted", "server":"akswtt10100000l"}}
{"logTime": "0614/112158", "correlationVector":"Ore0F4noxWmmci5Cjh1uig.2","action":"ProcessGetUpdates", "result":"Done", "context":{"dataType":"Autofill", "deleted":"0", "process_failed_to_decrypt":"0", "process_pending_decryption":"0", "process_success":"250", "total":"250"}}
{"logTime": "0614/112158", "correlationVector":"Ore0F4noxWmmci5Cjh1uig.3","action":"GetUpdates Response", "result":"Success", "context":Received 250 update(s). cV=Ore0F4noxWmmci5Cjh1uig.0;server=akswtt10100000l;cloudType=Consumer;environment=Prod_germanywestcentral_prod-s01-011-eur-germanywestcentral;migrationStage=NotStarted Some updates remain.}
{"logTime": "0614/112158", "correlationVector":"HtQpJbsSYKx16he1Fe5ikN","action":"Initial GetUpdates", "result":"", "context":Reason: NEWLY_SUPPORTED_DATATYPE. cV=HtQpJbsSYKx16he1Fe5ikN}
{"logTime": "0614/112159", "correlationVector":"HtQpJbsSYKx16he1Fe5ikN.1","action":"SyncServerConnectionManagerRequest", "result":"SYNC_SERVER_OK", "context":{"environment":"Prod_germanywestcentral_prod-s01-011-eur-germanywestcentral", "migrationStage":"NotStarted", "server":"akswtt10100001r"}}
{"logTime": "0614/112159", "correlationVector":"HtQpJbsSYKx16he1Fe5ikN.2","action":"ProcessGetUpdates", "result":"Done", "context":{"dataType":"Autofill", "deleted":"0", "process_failed_to_decrypt":"0", "process_pending_decryption":"0", "process_success":"250", "total":"250"}}
{"logTime": "0614/112159", "correlationVector":"HtQpJbsSYKx16he1Fe5ikN.3","action":"GetUpdates Response", "result":"Success", "context":Received 250 update(s). cV=HtQpJbsSYKx16he1Fe5ikN.0;server=akswtt10100001r;cloudType=Consumer;environment=Prod_germanywestcentral_prod-s01-011-eur-germanywestcentral;migrationStage=NotStarted Some updates remain.}
{"logTime": "0614/112159", "correlationVector":"Xsj6HoHwnqP0J0W/nhPKOR","action":"Initial GetUpdates", "result":"", "context":Reason: NEWLY_SUPPORTED_DATATYPE. cV=Xsj6HoHwnqP0J0W/nhPKOR}
{"logTime": "0614/112159", "correlationVector":"Xsj6HoHwnqP0J0W/nhPKOR.1","action":"SyncServerConnectionManagerRequest", "result":"SYNC_SERVER_OK", "context":{"environment":"Prod_germanywestcentral_prod-s01-011-eur-germanywestcentral", "migrationStage":"NotStarted", "server":"akswtt10100003j"}}
{"logTime": "0614/112159", "correlationVector":"Xsj6HoHwnqP0J0W/nhPKOR.2","action":"ProcessGetUpdates", "result":"Done", "context":{"dataType":"Autofill", "deleted":"0", "process_failed_to_decrypt":"0", "process_pending_decryption":"0", "process_success":"250", "total":"250"}}
{"logTime": "0614/112159", "correlationVector":"Xsj6HoHwnqP0J0W/nhPKOR.3","action":"GetUpdates Response", "result":"Success", "context":Received 250 update(s). cV=Xsj6HoHwnqP0J0W/nhPKOR.0;server=akswtt10100003j;cloudType=Consumer;environment=Prod_germanywestcentral_prod-s01-011-eur-germanywestcentral;migrationStage=NotStarted Some updates remain.}
{"logTime": "0614/112159", "correlationVector":"aXjljSz7E2llY9yX/zfZqQ","action":"Initial GetUpdates", "result":"", "context":Reason: NEWLY_SUPPORTED_DATATYPE. cV=aXjljSz7E2llY9yX/zfZqQ}
{"logTime": "0614/112200", "correlationVector":"aXjljSz7E2llY9yX/zfZqQ.1","action":"SyncServerConnectionManagerRequest", "result":"SYNC_SERVER_OK", "context":{"environment":"Prod_germanywestcentral_prod-s01-011-eur-germanywestcentral", "migrationStage":"NotStarted", "server":"akswtt10100002s"}}
{"logTime": "0614/112200", "correlationVector":"aXjljSz7E2llY9yX/zfZqQ.2","action":"ProcessGetUpdates", "result":"Done", "context":{"dataType":"Autofill", "deleted":"0", "process_failed_to_decrypt":"0", "process_pending_decryption":"0", "process_success":"250", "total":"250"}}
{"logTime": "0614/112200", "correlationVector":"aXjljSz7E2llY9yX/zfZqQ.3","action":"GetUpdates Response", "result":"Success", "context":Received 250 update(s). cV=aXjljSz7E2llY9yX/zfZqQ.0;server=akswtt10100002s;cloudType=Consumer;environment=Prod_germanywestcentral_prod-s01-011-eur-germanywestcentral;migrationStage=NotStarted Some updates remain.}
{"logTime": "0614/112200", "correlationVector":"LWIZOhtqWr1yNDS+E30Zqp","action":"Initial GetUpdates", "result":"", "context":Reason: NEWLY_SUPPORTED_DATATYPE. cV=LWIZOhtqWr1yNDS+E30Zqp}
{"logTime": "0614/112201", "correlationVector":"LWIZOhtqWr1yNDS+E30Zqp.1","action":"SyncServerConnectionManagerRequest", "result":"SYNC_SERVER_OK", "context":{"environment":"Prod_germanywestcentral_prod-s01-011-eur-germanywestcentral", "migrationStage":"NotStarted", "server":"akswtt10100000l"}}
{"logTime": "0614/112201", "correlationVector":"LWIZOhtqWr1yNDS+E30Zqp.2","action":"ProcessGetUpdates", "result":"Done", "context":{"dataType":"Autofill", "deleted":"0", "process_failed_to_decrypt":"0", "process_pending_decryption":"0", "process_success":"250", "total":"250"}}
{"logTime": "0614/112201", "correlationVector":"LWIZOhtqWr1yNDS+E30Zqp.3","action":"GetUpdates Response", "result":"Success", "context":Received 250 update(s). cV=LWIZOhtqWr1yNDS+E30Zqp.0;server=akswtt10100000l;cloudType=Consumer;environment=Prod_germanywestcentral_prod-s01-011-eur-germanywestcentral;migrationStage=NotStarted Some updates remain.}
{"logTime": "0614/112201", "correlationVector":"3LzCdlEhBhiNk+ABT3mrlO","action":"Initial GetUpdates", "result":"", "context":Reason: NEWLY_SUPPORTED_DATATYPE. cV=3LzCdlEhBhiNk+ABT3mrlO}
{"logTime": "0614/112201", "correlationVector":"3LzCdlEhBhiNk+ABT3mrlO.1","action":"SyncServerConnectionManagerRequest", "result":"SYNC_SERVER_OK", "context":{"environment":"Prod_germanywestcentral_prod-s01-011-eur-germanywestcentral", "migrationStage":"NotStarted", "server":"akswtt10100003b"}}
{"logTime": "0614/112201", "correlationVector":"3LzCdlEhBhiNk+ABT3mrlO.2","action":"ProcessGetUpdates", "result":"Done", "context":{"dataType":"Autofill", "deleted":"0", "process_failed_to_decrypt":"0", "process_pending_decryption":"0", "process_success":"245", "total":"245"}}
{"logTime": "0614/112201", "correlationVector":"3LzCdlEhBhiNk+ABT3mrlO.3","action":"ProcessGetUpdates", "result":"Done", "context":{"dataType":"Sessions", "deleted":"5", "process_failed_to_decrypt":"0", "process_pending_decryption":"0", "process_success":"5", "total":"5"}}
{"logTime": "0614/112201", "correlationVector":"3LzCdlEhBhiNk+ABT3mrlO.4","action":"GetUpdates Response", "result":"Success", "context":Received 250 update(s). cV=3LzCdlEhBhiNk+ABT3mrlO.0;server=akswtt10100003b;cloudType=Consumer;environment=Prod_germanywestcentral_prod-s01-011-eur-germanywestcentral;migrationStage=NotStarted Some updates remain.}
{"logTime": "0614/112201", "correlationVector":"nbBwToM/+Swh34u/DWjRaS","action":"Initial GetUpdates", "result":"", "context":Reason: NEWLY_SUPPORTED_DATATYPE. cV=nbBwToM/+Swh34u/DWjRaS}
{"logTime": "0614/112202", "correlationVector":"nbBwToM/+Swh34u/DWjRaS.1","action":"SyncServerConnectionManagerRequest", "result":"SYNC_SERVER_OK", "context":{"environment":"Prod_germanywestcentral_prod-s01-011-eur-germanywestcentral", "migrationStage":"NotStarted", "server":"akswtt10100000a"}}
{"logTime": "0614/112202", "correlationVector":"nbBwToM/+Swh34u/DWjRaS.2","action":"ProcessGetUpdates", "result":"Done", "context":{"dataType":"Autofill Profiles", "deleted":"0", "process_failed_to_decrypt":"0", "process_pending_decryption":"0", "process_success":"2", "total":"2"}}
{"logTime": "0614/112202", "correlationVector":"nbBwToM/+Swh34u/DWjRaS.3","action":"ProcessGetUpdates", "result":"Done", "context":{"dataType":"Autofill", "deleted":"0", "process_failed_to_decrypt":"0", "process_pending_decryption":"0", "process_success":"16", "total":"16"}}
{"logTime": "0614/112202", "correlationVector":"nbBwToM/+Swh34u/DWjRaS.4","action":"ProcessGetUpdates", "result":"Done", "context":{"dataType":"Extensions", "deleted":"0", "process_failed_to_decrypt":"0", "process_pending_decryption":"0", "process_success":"4", "total":"4"}}
{"logTime": "0614/112202", "correlationVector":"nbBwToM/+Swh34u/DWjRaS.5","action":"ProcessGetUpdates", "result":"Done", "context":{"dataType":"Sessions", "deleted":"77", "process_failed_to_decrypt":"0", "process_pending_decryption":"0", "process_success":"87", "total":"87"}}
{"logTime": "0614/112202", "correlationVector":"nbBwToM/+Swh34u/DWjRaS.6","action":"ProcessGetUpdates", "result":"Done", "context":{"dataType":"Extension settings", "deleted":"0", "process_failed_to_decrypt":"0", "process_pending_decryption":"0", "process_success":"5", "total":"5"}}
{"logTime": "0614/112202", "correlationVector":"nbBwToM/+Swh34u/DWjRaS.7","action":"ProcessGetUpdates", "result":"Done", "context":{"dataType":"Edge Hub App Usage", "deleted":"6", "process_failed_to_decrypt":"0", "process_pending_decryption":"0", "process_success":"8", "total":"8"}}
{"logTime": "0614/112202", "correlationVector":"nbBwToM/+Swh34u/DWjRaS.8","action":"GetUpdates Response", "result":"Success", "context":Received 122 update(s). cV=nbBwToM/+Swh34u/DWjRaS.0;server=akswtt10100000a;cloudType=Consumer;environment=Prod_germanywestcentral_prod-s01-011-eur-germanywestcentral;migrationStage=NotStarted}
{"logTime": "0614/112202", "correlationVector":"v+JsZzFnWQFSTrsuPuHZt3","action":"Initial GetUpdates", "result":"", "context":Reason: NEWLY_SUPPORTED_DATATYPE. cV=v+JsZzFnWQFSTrsuPuHZt3}
{"logTime": "0614/112202", "correlationVector":"v+JsZzFnWQFSTrsuPuHZt3.1","action":"SyncServerConnectionManagerRequest", "result":"SYNC_SERVER_OK", "context":{"environment":"Prod_germanywestcentral_prod-s01-011-eur-germanywestcentral", "migrationStage":"NotStarted", "server":"akswtt10100001q"}}
{"logTime": "0614/112202", "correlationVector":"v+JsZzFnWQFSTrsuPuHZt3.2","action":"ProcessGetUpdates", "result":"Done", "context":{"dataType":"History", "deleted":"0", "process_failed_to_decrypt":"0", "process_pending_decryption":"0", "process_success":"250", "total":"250"}}
{"logTime": "0614/112202", "correlationVector":"v+JsZzFnWQFSTrsuPuHZt3.3","action":"GetUpdates Response", "result":"Success", "context":Received 250 update(s). cV=v+JsZzFnWQFSTrsuPuHZt3.0;server=akswtt10100001q;cloudType=Consumer;environment=Prod_germanywestcentral_prod-s01-011-eur-germanywestcentral;migrationStage=NotStarted Some updates remain.}
{"logTime": "0614/112202", "correlationVector":"Hd01BKfly0OtE7b2v8T4L7","action":"Initial GetUpdates", "result":"", "context":Reason: NEWLY_SUPPORTED_DATATYPE. cV=Hd01BKfly0OtE7b2v8T4L7}
{"logTime": "0614/112203", "correlationVector":"Hd01BKfly0OtE7b2v8T4L7.1","action":"SyncServerConnectionManagerRequest", "result":"SYNC_SERVER_OK", "context":{"environment":"Prod_germanywestcentral_prod-s01-011-eur-germanywestcentral", "migrationStage":"NotStarted", "server":"akswtt10100001r"}}
{"logTime": "0614/112203", "correlationVector":"Hd01BKfly0OtE7b2v8T4L7.2","action":"ProcessGetUpdates", "result":"Done", "context":{"dataType":"History", "deleted":"0", "process_failed_to_decrypt":"0", "process_pending_decryption":"0", "process_success":"250", "total":"250"}}
{"logTime": "0614/112203", "correlationVector":"Hd01BKfly0OtE7b2v8T4L7.3","action":"GetUpdates Response", "result":"Success", "context":Received 250 update(s). cV=Hd01BKfly0OtE7b2v8T4L7.0;server=akswtt10100001r;cloudType=Consumer;environment=Prod_germanywestcentral_prod-s01-011-eur-germanywestcentral;migrationStage=NotStarted Some updates remain.}
{"logTime": "0614/112203", "correlationVector":"NBi/Ndq89NKYYd/jd8osew","action":"Initial GetUpdates", "result":"", "context":Reason: NEWLY_SUPPORTED_DATATYPE. cV=NBi/Ndq89NKYYd/jd8osew}
{"logTime": "0614/112203", "correlationVector":"NBi/Ndq89NKYYd/jd8osew.1","action":"SyncServerConnectionManagerRequest", "result":"SYNC_SERVER_OK", "context":{"environment":"Prod_germanywestcentral_prod-s01-011-eur-germanywestcentral", "migrationStage":"NotStarted", "server":"akswtt10100003j"}}
{"logTime": "0614/112203", "correlationVector":"NBi/Ndq89NKYYd/jd8osew.2","action":"ProcessGetUpdates", "result":"Done", "context":{"dataType":"History", "deleted":"0", "process_failed_to_decrypt":"0", "process_pending_decryption":"0", "process_success":"142", "total":"142"}}
{"logTime": "0614/112203", "correlationVector":"NBi/Ndq89NKYYd/jd8osew.3","action":"GetUpdates Response", "result":"Success", "context":Received 142 update(s). cV=NBi/Ndq89NKYYd/jd8osew.0;server=akswtt10100003j;cloudType=Consumer;environment=Prod_germanywestcentral_prod-s01-011-eur-germanywestcentral;migrationStage=NotStarted}
{"logTime": "0614/112203", "correlationVector":"NuSQmMEKVQpwT46DcHRDYS","action":"Normal GetUpdate request", "result":"", "context":cV=NuSQmMEKVQpwT46DcHRDYS
Nudged types: Sessions, Device Info, History
Refresh requested types: Bookmarks, Preferences, Passwords, Autofill Profiles, Autofill, Extensions, Sessions, Extension settings, History Delete Directives, Device Info, User Consents, Send Tab To Self, Web Apps, History, Saved Tab Group, WebAuthn Credentials, Edge E Drop, Edge Hub App Usage, Edge Wallet, Edge Workspace, Encryption Keys}
{"logTime": "0614/112204", "correlationVector":"NuSQmMEKVQpwT46DcHRDYS.1","action":"SyncServerConnectionManagerRequest", "result":"SYNC_SERVER_OK", "context":{"environment":"Prod_germanywestcentral_prod-s01-011-eur-germanywestcentral", "migrationStage":"NotStarted", "server":"akswtt10100000l"}}
{"logTime": "0614/112204", "correlationVector":"NuSQmMEKVQpwT46DcHRDYS.2","action":"GetUpdates Response", "result":"Success", "context":Received 0 update(s). cV=NuSQmMEKVQpwT46DcHRDYS.0;server=akswtt10100000l;cloudType=Consumer;environment=Prod_germanywestcentral_prod-s01-011-eur-germanywestcentral;migrationStage=NotStarted}
{"logTime": "0614/112204", "correlationVector":"oZOeEklpl8/4NQrkuDkpK+","action":"Commit Request", "result":"", "context":Item count: 4
Contributing types: Sessions, Device Info, History}
{"logTime": "0614/112205", "correlationVector":"oZOeEklpl8/4NQrkuDkpK+.1","action":"SyncServerConnectionManagerRequest", "result":"SYNC_SERVER_OK", "context":{"environment":"Prod_germanywestcentral_prod-s01-011-eur-germanywestcentral", "migrationStage":"NotStarted", "server":"akswtt10100003j"}}
{"logTime": "0614/112205", "correlationVector":"oZOeEklpl8/4NQrkuDkpK+.2","action":"Commit Response", "result":"Success", "context":Result: Success. cV=oZOeEklpl8/4NQrkuDkpK+.0;server=akswtt10100003j;cloudType=Consumer;environment=Prod_germanywestcentral_prod-s01-011-eur-germanywestcentral;migrationStage=NotStarted}
{"logTime": "0614/140355", "correlationVector":"Y5D8wylEyoF1BVl+LG0kF1","action":"SyncServerConnectionManagerRequest", "result":"CONNECTION_UNAVAILABLE", "context":{"error_type":"net_error_code", "error_value":"-106"}}
{"logTime": "0614/140358", "correlationVector":"vwDspQxJJJlEPT9CiM3ZX0","action":"SyncServerConnectionManagerRequest", "result":"CONNECTION_UNAVAILABLE", "context":{"error_type":"net_error_code", "error_value":"-106"}}
{"logTime": "0614/140404", "correlationVector":"aPYWCQvXKjcfcXIYTZsKtN","action":"SyncServerConnectionManagerRequest", "result":"CONNECTION_UNAVAILABLE", "context":{"error_type":"net_error_code", "error_value":"-106"}}
{"logTime": "0614/140413", "correlationVector":"jI625pRcVUuDT1fvBPgIp0","action":"SyncServerConnectionManagerRequest", "result":"CONNECTION_UNAVAILABLE", "context":{"error_type":"net_error_code", "error_value":"-106"}}
{"logTime": "0614/140428", "correlationVector":"7hXJVbl2hJG/foS6mbL0u+","action":"SyncServerConnectionManagerRequest", "result":"CONNECTION_UNAVAILABLE", "context":{"error_type":"net_error_code", "error_value":"-106"}}
{"logTime": "0614/140449", "correlationVector":"BmSEXXfVU7r7SCmXb8uIv3","action":"SyncServerConnectionManagerRequest", "result":"CONNECTION_UNAVAILABLE", "context":{"error_type":"net_error_code", "error_value":"-106"}}
{"logTime": "0614/140513", "correlationVector":"THeRa6Z79aAOnSU5PzhbI/","action":"SyncServerConnectionManagerRequest", "result":"CONNECTION_UNAVAILABLE", "context":{"error_type":"net_error_code", "error_value":"-21"}}
{"logTime": "0614/140518", "correlationVector":"tqOUoIkmZxtP+pgIcuwH1+.1","action":"SyncServerConnectionManagerRequest", "result":"SYNC_SERVER_OK", "context":{"environment":"Prod_germanywestcentral_prod-s01-010-eur-germanywestcentral", "migrationStage":"NotStarted", "server":"akswtt00200000h"}}
{"logTime": "0614/140518", "correlationVector":"tqOUoIkmZxtP+pgIcuwH1+.2","action":"ProcessGetUpdates", "result":"Done", "context":{"dataType":"Encryption Keys", "deleted":"0", "process_failed_to_decrypt":"0", "process_pending_decryption":"0", "process_success":"1", "total":"1"}}
{"logTime": "0614/140518", "correlationVector":"BmSEXXfVU7r7SCmXb8uIv3","action":"Initial GetUpdates", "result":"", "context":Reason: NEW_CLIENT. cV=BmSEXXfVU7r7SCmXb8uIv3}
{"logTime": "0614/140518", "correlationVector":"36bXjZze0lWIqQl6qIu5Zw.0","action":"GetUpdates Response", "result":"Network error (ERR_INTERNET_DISCONNECTED)", "context":Received error: Network error (ERR_INTERNET_DISCONNECTED). }
{"logTime": "0614/140518", "correlationVector":"THeRa6Z79aAOnSU5PzhbI/","action":"Initial GetUpdates", "result":"", "context":Reason: NEW_CLIENT. cV=THeRa6Z79aAOnSU5PzhbI/}
{"logTime": "0614/140518", "correlationVector":"GbKPWnOSRecda+BbLy/C68.0","action":"GetUpdates Response", "result":"Network error (ERR_NETWORK_CHANGED)", "context":Received error: Network error (ERR_NETWORK_CHANGED). }
{"logTime": "0614/140518", "correlationVector":"tqOUoIkmZxtP+pgIcuwH1+","action":"Initial GetUpdates", "result":"", "context":Reason: NEW_CLIENT. cV=tqOUoIkmZxtP+pgIcuwH1+}
{"logTime": "0614/140518", "correlationVector":"tqOUoIkmZxtP+pgIcuwH1+.3","action":"GetUpdates Response", "result":"Success", "context":Received 1 update(s). cV=tqOUoIkmZxtP+pgIcuwH1+.0;server=akswtt00200000h;cloudType=Consumer;environment=Prod_germanywestcentral_prod-s01-010-eur-germanywestcentral;migrationStage=NotStarted}
{"logTime": "0614/140518", "correlationVector":"8F6dFM7z+rzQo+c3YzmiR9","action":"Normal GetUpdate request", "result":"", "context":cV=8F6dFM7z+rzQo+c3YzmiR9
Nudged types: Sessions, History
Refresh requested types: Bookmarks, Preferences, Extensions, Sessions, Extension settings, History Delete Directives, Device Info, User Consents, Send Tab To Self, Web Apps, History, Saved Tab Group, WebAuthn Credentials, Edge E Drop, Edge Hub App Usage, Edge Wallet, Edge Workspace, Encryption Keys}
{"logTime": "0614/140519", "correlationVector":"8F6dFM7z+rzQo+c3YzmiR9.1","action":"SyncServerConnectionManagerRequest", "result":"SYNC_SERVER_OK", "context":{"environment":"Prod_germanywestcentral_prod-s01-010-eur-germanywestcentral", "migrationStage":"NotStarted", "server":"akswtt00200000g"}}
{"logTime": "0614/140519", "correlationVector":"8F6dFM7z+rzQo+c3YzmiR9.2","action":"ProcessGetUpdates", "result":"Done", "context":{"dataType":"Sessions", "deleted":"0", "process_failed_to_decrypt":"0", "process_pending_decryption":"0", "process_success":"2", "total":"2"}}
{"logTime": "0614/140519", "correlationVector":"8F6dFM7z+rzQo+c3YzmiR9.3","action":"ProcessGetUpdates", "result":"Done", "context":{"dataType":"Device Info", "deleted":"0", "process_failed_to_decrypt":"0", "process_pending_decryption":"0", "process_success":"1", "total":"1"}}
{"logTime": "0614/140519", "correlationVector":"8F6dFM7z+rzQo+c3YzmiR9.4","action":"ProcessGetUpdates", "result":"Done", "context":{"dataType":"History", "deleted":"0", "process_failed_to_decrypt":"0", "process_pending_decryption":"0", "process_success":"1", "total":"1"}}
{"logTime": "0614/140519", "correlationVector":"8F6dFM7z+rzQo+c3YzmiR9.5","action":"GetUpdates Response", "result":"Success", "context":Received 4 update(s). cV=8F6dFM7z+rzQo+c3YzmiR9.0;server=akswtt00200000g;cloudType=Consumer;environment=Prod_germanywestcentral_prod-s01-010-eur-germanywestcentral;migrationStage=NotStarted}
{"logTime": "0614/140519", "correlationVector":"yH14DVkXAvTmFkNY0hrut2","action":"Commit Request", "result":"", "context":Item count: 5
Contributing types: Sessions, History}
{"logTime": "0614/140520", "correlationVector":"yH14DVkXAvTmFkNY0hrut2.1","action":"SyncServerConnectionManagerRequest", "result":"SYNC_SERVER_OK", "context":{"environment":"Prod_germanywestcentral_prod-s01-010-eur-germanywestcentral", "migrationStage":"NotStarted", "server":"akswtt00200001f"}}
{"logTime": "0614/140520", "correlationVector":"yH14DVkXAvTmFkNY0hrut2.2","action":"Commit Response", "result":"Success", "context":Result: Success. cV=yH14DVkXAvTmFkNY0hrut2.0;server=akswtt00200001f;cloudType=Consumer;environment=Prod_germanywestcentral_prod-s01-010-eur-germanywestcentral;migrationStage=NotStarted}
